✔ [14/62] Built Batteries.Lean.Position (326ms)
✔ [15/62] Built Batteries.Tactic.Unreachable (393ms)
✔ [16/62] Built Batteries.Lean.Meta.Inaccessible (374ms)
✔ [17/62] Built Mathlib.Tactic.Linter.DirectoryDependency (1.0s)
✔ [18/62] Built Batteries.Tactic.Lint.Basic (760ms)
✔ [19/62] Built Mathlib.Tactic.Linter.Header (948ms)
✔ [20/62] Built Batteries.Tactic.Lint.Misc (828ms)
✔ [21/62] Built Mathlib.Lean.Environment (538ms)
✔ [22/62] Built Mathlib.Tactic.Linter.TacticDocumentation (587ms)
✔ [23/62] Built Mathlib.Tactic.DeclarationNames (616ms)
✔ [24/62] Built Mathlib.Lean.Linter (634ms)
✔ [25/62] Built Mathlib.Tactic.Lemma (662ms)
✔ [26/62] Built Mathlib.Tactic.Linter.OldObtain (737ms)
✔ [27/62] Built Mathlib.Lean.Elab.Tactic.Meta (723ms)
✔ [28/62] Built Mathlib.Tactic.Linter.PrivateModule (834ms)
✔ [29/62] Built Mathlib.Tactic.Linter.UnusedTacticExtension (814ms)
✔ [30/62] Built Mathlib.Tactic.Linter.AuxLemma (795ms)
✔ [31/62] Built Mathlib.Tactic.Linter.GlobalAttributeIn (881ms)
✔ [32/62] Built Mathlib.Tactic.Linter.Multigoal (943ms)
✔ [33/62] Built Mathlib.Tactic.AdaptationNote (996ms)
✔ [34/62] Built Mathlib.Tactic.Linter.EmptyLine (1.1s)
✔ [35/62] Built Mathlib.Tactic.Linter.HashCommandLinter (1.1s)
✔ [36/62] Built Mathlib.Lean.Elab.InfoTree (736ms)
✔ [37/62] Built Mathlib.Tactic.Linter.DeprecatedSyntaxLinter (1.4s)
✔ [38/62] Built Mathlib.Tactic.Linter.DocString (1.4s)
✔ [39/62] Built Mathlib.Lean.Expr.Basic (1.4s)
✔ [40/62] Built Mathlib.Tactic.Linter.DocPrime (1.5s)
✔ [41/62] Built Mathlib.Lean.ContextInfo (719ms)
✔ [42/62] Built Mathlib.Tactic.Linter.Whitespace (1.5s)
✔ [43/62] Built Mathlib.Tactic.Linter.UnusedTactic (910ms)
✔ [44/62] Built Mathlib.Tactic.Linter.FlexibleLinter (1.0s)
✔ [45/62] Built Mathlib.Tactic.Linter.UnusedInstancesInType (951ms)
✔ [46/62] Built Mathlib.Tactic.TacticAnalysis (1.0s)
✔ [47/62] Built Mathlib.Tactic.Linter.Style (1.0s)
✔ [48/62] Built Mathlib.Tactic.Linter.OverlappingInstances (1.2s)
✔ [61/171] Built Batteries.Lean.Syntax (419ms)
✔ [62/171] Built Mathlib.Tactic.TypeStar (618ms)
✔ [63/171] Built Mathlib.Util.ParseCommand (685ms)
✔ [64/171] Built Batteries.Lean.NameMapAttribute (615ms)
✔ [65/171] Built Batteries.Tactic.Lint.TypeClass (714ms)
✔ [66/171] Built Batteries.Lean.Expr (712ms)
✔ [67/171] Built Batteries.Util.LibraryNote (915ms)
✔ [68/171] Built Batteries.Util.ExtendedBinder (908ms)
✔ [69/171] Built Batteries.Linter.UnreachableTactic (944ms)
✔ [70/171] Built Batteries.Tactic.OpenPrivate (1.2s)
✔ [71/171] Built Batteries.CodeAction.Deprecated (1.1s)
✔ [72/171] Built Mathlib.Tactic.MinImports (1.3s)
✔ [73/171] Built Batteries.Tactic.Init (1.1s)
✔ [74/171] Built Batteries.Tactic.Lint.Frontend (1.8s)
✔ [75/171] Built AeneasMeta.Utils (10s)
✔ [76/171] Built Mathlib.Tactic.ExtractGoal (973ms)
✔ [77/171] Built Batteries.Tactic.Lint.Simp (1.0s)
✔ [78/171] Built Batteries.Util.ProofWanted (1.9s)
✔ [79/171] Built Batteries.Tactic.Lint (368ms)
✔ [80/171] Built Batteries.Tactic.Trans (2.6s)
✔ [81/171] Built Batteries.Tactic.Alias (1.6s)
✔ [82/171] Built Batteries.Tactic.HelpCmd (2.0s)
✔ [83/171] Built AeneasMeta.Extensions (997ms)
✔ [84/171] Built Mathlib.Tactic.Linter.Lint (608ms)
✔ [85/171] Built Batteries.Logic (462ms)
✔ [86/171] Built AeneasMeta.Simp.Simp (1.5s)
✔ [116/367] Built Batteries.Control.Lemmas (433ms)
✔ [117/367] Built Batteries.Lean.MonadBacktrack (355ms)
✔ [118/367] Built Aeneas.Std.Spec (1.2s)
✔ [119/367] Built Batteries.Lean.TagAttribute (422ms)
✔ [120/367] Built Batteries.Lean.Meta.Expr (386ms)
✔ [121/367] Built Batteries.Lean.PersistentHashMap (428ms)
✔ [122/367] Built Batteries.Lean.HashSet (425ms)
✔ [123/367] Built Batteries.Control.ForInStep.Basic (394ms)
✔ [124/367] Built Batteries.Lean.Meta.UnusedNames (527ms)
✔ [125/367] Built Batteries.Lean.PersistentHashSet (510ms)
✔ [126/367] Built Batteries.Tactic.PermuteGoals (673ms)
✔ [127/367] Built Batteries.Data.Nat.Basic (592ms)
✔ [128/367] Built Batteries.Lean.Except (515ms)
✔ [129/367] Built Batteries.Tactic.Exact (614ms)
✔ [130/367] Built Batteries.Lean.AttributeExtra (463ms)
✔ [131/367] Built Batteries.Tactic.SeqFocus (808ms)
✔ [132/367] Built Batteries.Control.LawfulMonadState (1.0s)
✔ [133/367] Built Mathlib.Tactic.TacticAnalysis.Declarations (2.7s)
✔ [134/367] Built Batteries.Data.Array.Merge (1.2s)
✔ [168/521] Built Batteries.Data.Nat.Lemmas (659ms)
✔ [169/521] Built Batteries.Control.OptionT (451ms)
✔ [170/521] Built Batteries.Lean.Meta.DiscrTree (401ms)
✔ [172/521] Built Batteries.Classes.RatCast (393ms)
✔ [173/521] Built Mathlib.Tactic.Lift (1.2s)
✔ [174/521] Built Mathlib.Init (782ms)
✔ [175/521] Built Batteries.Linter.UnnecessarySeqFocus (1.3s)
✔ [176/521] Built Batteries.Data.List.Basic (3.3s)
✔ [177/521] Built Batteries.Control.AlternativeMonad (905ms)
✔ [179/521] Built Batteries.Tactic.Congr (1.2s)
✔ [180/521] Built Mathlib.Data.Bracket (1.0s)
✔ [181/521] Built Mathlib.Data.Option.Defs (1.0s)
✔ [182/521] Built Mathlib.Logic.Function.ULift (973ms)
✔ [183/521] Built Mathlib.Data.Prod.PProd (1.0s)
✔ [184/521] Built Mathlib.Tactic.Monotonicity.Attr (1.0s)
✔ [185/521] Built Mathlib.Logic.IsEmpty.Defs (1.1s)
✔ [186/521] Built Mathlib.Lean.Elab.Term (1.1s)
✔ [187/521] Built Mathlib.Control.Combinators (1.1s)
✔ [188/521] Built Mathlib.Logic.OpClass (1.1s)
✔ [189/521] Built Mathlib.Util.WithWeakNamespace (1.4s)
✔ [190/521] Built Mathlib.Data.Ordering.Basic (1.4s)
✔ [191/521] Built Mathlib.Tactic.Substs (1.5s)
✔ [192/521] Built Mathlib.Tactic.GCongr.ForwardAttr (1.5s)
✔ [193/521] Built Mathlib.Tactic.Coe (1.7s)
✔ [194/521] Built Mathlib.Tactic.PPWithUniv (1.7s)
✔ [195/521] Built Mathlib.Util.AtomM (1.8s)
✔ [196/521] Built Mathlib.Lean.PrettyPrinter.Delaborator (1.9s)
✔ [197/521] Built Mathlib.Util.AtLocation (1.9s)
✔ [198/521] Built Mathlib.Tactic.OfNat (1.4s)
✔ [199/521] Built Mathlib.Tactic.SimpRw (2.2s)
✔ [200/521] Built Mathlib.Tactic.CasesM (2.3s)
✔ [201/521] Built Mathlib.Logic.ExistsUnique (2.1s)
✔ [203/521] Built Mathlib.Data.Int.Notation (1.4s)
✔ [204/521] Built Mathlib.Tactic.Spread (2.5s)
✔ [205/536] Built Mathlib.Tactic.Push.Attr (2.3s)
✔ [206/536] Built Mathlib.Logic.Nonempty (1.6s)
✔ [220/538] Built Mathlib.Tactic.ExtendDoc (1.7s)
✔ [221/538] Built Mathlib.Tactic.Inhabit (1.7s)
✔ [222/543] Built Mathlib.Data.Nat.BinaryRec (1.8s)
✔ [223/543] Built Mathlib.Lean.Name (1.9s)
✔ [224/543] Built Mathlib.Tactic.CrossRefAttribute (2.4s)
✔ [225/543] Built Mathlib.Lean.Meta (1.9s)
✔ [226/543] Built Mathlib.Tactic.Translate.Attributes (1.5s)
✔ [227/543] Built Mathlib.Data.String.Defs (1.5s)
✔ [228/543] Built Mathlib.Tactic.ToExpr (1.8s)
✔ [229/543] Built Batteries.Linter (1.0s)
✔ [230/543] Built Mathlib.Tactic.Conv (3.3s)
✔ [231/543] Built Mathlib.Data.Nat.Notation (1.5s)
✔ [232/543] Built Mathlib.Tactic.Eqns (1.5s)
✔ [233/543] Built Mathlib.Tactic.Simps.NotationClass (2.2s)
✔ [234/543] Built Mathlib.Util.AddRelatedDecl (2.9s)
✔ [235/543] Built Batteries.Lean.Meta.Basic (1.0s)
✔ [236/543] Built Mathlib.Tactic.Attr.Register (2.1s)
✔ [237/543] Built Mathlib.Tactic.Use (3.6s)
✔ [240/543] Built Mathlib.Data.List.TFAE (1.4s)
✔ [241/555] Built Mathlib.Tactic.Core (2.6s)
✔ [248/556] Built Mathlib.Tactic.FastInstance (3.0s)
✔ [249/556] Built Mathlib.Tactic.Simproc.ExistsAndEq (4.0s)
✔ [250/556] Built Mathlib.Logic.Nontrivial.Defs (1.3s)
✔ [251/559] Built Batteries.Tactic.Basic (990ms)
✔ [252/559] Built Batteries.CodeAction.Attr (1.4s)
✔ [253/559] Built Mathlib.Lean.Meta.Simp (2.0s)
✔ [254/559] Built Batteries.Lean.Meta.SavedState (897ms)
✔ [255/559] Built Batteries.Lean.Meta.InstantiateMVars (835ms)
✔ [256/561] Built Aeneas.Extract.Extract (7.0s)
✔ [258/562] Built Mathlib.Tactic.Attr.Core (1.1s)
✔ [260/563] Built Mathlib.Data.Rat.Init (1.5s)
✔ [261/565] Built Mathlib.Tactic.Translate.UnfoldBoundary (3.5s)
✔ [262/565] Built Mathlib.Util.CompileInductive (3.6s)
✔ [277/566] Built Mathlib.Tactic.ClearExclamation (1.5s)
✔ [278/567] Built Mathlib.Logic.Function.Defs (1.7s)
✔ [280/567] Built Mathlib.Tactic.ApplyWith (1.8s)
✔ [281/567] Built Mathlib.Tactic.ApplyCongr (1.9s)
✔ [282/569] Built Mathlib.Lean.Meta.Basic (1.0s)
✔ [283/569] Built Batteries.Classes.Order (1.6s)
✔ [284/569] Built Mathlib.Tactic.ClearExcept (1.7s)
✔ [285/569] Built Mathlib.Tactic.Clear_ (1.8s)
✔ [286/570] Built Mathlib.Tactic.Translate.GuessName (2.8s)
✔ [287/573] Built Mathlib.Tactic.Constructor (1.6s)
✔ [288/576] Built Batteries.Tactic.Case (3.8s)
✔ [289/576] Built Mathlib.Tactic.Basic (2.8s)
✔ [290/576] Built Mathlib.Lean.MessageData.Trace (1.8s)
✔ [291/590] Built Mathlib.Tactic.SplitIfs (2.6s)
✔ [292/590] Built Mathlib.Tactic.Check (2.9s)
✔ [293/592] Built Mathlib.Tactic.MkIffOfInductiveProp (3.6s)
✔ [294/592] Built Mathlib.Data.Nat.Init (3.2s)
✔ [295/592] Built Mathlib.Tactic.ExistsI (1.5s)
✔ [296/595] Built Mathlib.Tactic.FBinop (3.7s)
✔ [297/595] Built Mathlib.Tactic.DSimpPercent (1.8s)
✔ [298/596] Built Mathlib.Lean.Meta.CongrTheorems (4.4s)
✔ [299/596] Built Batteries.CodeAction.Basic (2.6s)
✔ [300/597] Built Batteries.Util.Cache (1.3s)
✔ [301/597] Built Mathlib.Logic.Relator (1.7s)
✔ [302/599] Built Aeneas.Extract (3.2s)
✔ [303/600] Built Batteries.Data.UInt (1.0s)
✔ [304/600] Built Mathlib.Tactic.ApplyAt (2.1s)
✔ [305/601] Built Mathlib.Tactic.ScopedNS (5.5s)
✔ [306/601] Built Mathlib.Tactic.ErwQuestion (2.9s)
✔ [307/601] Built Mathlib.Tactic.FunProp.Mor (2.1s)
✔ [308/603] Built Mathlib.Logic.Basic (3.9s)
✔ [309/603] Built Mathlib.Tactic.GuardGoalNums (1.7s)
✔ [310/603] Built Mathlib.Tactic.GuardHypNums (1.6s)
✔ [311/603] Built Mathlib.Data.SProd (1.6s)
✔ [312/603] Built Mathlib.Tactic.DeprecateTo (3.5s)
✔ [313/603] Built Batteries.Data.MLList.Basic (1.9s)
✔ [314/604] Built Mathlib.Tactic.FailIfNoProgress (3.1s)
✔ [315/604] Built Mathlib.Tactic.InferParam (1.8s)
✔ [316/607] Built Mathlib.Tactic.Translate.Reorder (7.1s)
✔ [317/607] Built Mathlib.Tactic.DefEqTransformations (3.0s)
✔ [318/607] Built Mathlib.Tactic.FunProp.Decl (2.9s)
✔ [319/609] Built Mathlib.Tactic.DepRewrite (8.0s)
✔ [320/609] Built Mathlib.Util.TermReduce (2.2s)
✔ [321/609] Built Mathlib.Tactic.Linter.HaveLetLinter (2.1s)
✔ [322/610] Built Mathlib.Tactic.Find (1.9s)
✔ [323/611] Built Mathlib.Lean.Meta.RefinedDiscrTree.Basic (2.7s)
✔ [324/611] Built Mathlib.Tactic.HigherOrder (2.6s)
✔ [325/612] Built Batteries.Control.Nondet.Basic (1.1s)
✔ [326/612] Built Mathlib.Tactic.Linter.PPRoundtrip (2.0s)
✔ [327/612] Built Mathlib.Tactic.RSuffices (1.4s)
✔ [328/614] Built Mathlib.Tactic.Linter.MinImports (2.7s)
✔ [329/614] Built Mathlib.Tactic.Linter.UpstreamableDecl (1.9s)
✔ [330/614] Built Mathlib.Tactic.NthRewrite (1.7s)
✔ [331/614] Built Mathlib.Tactic.FunProp.ToBatteries (3.5s)
✔ [332/615] Built Mathlib.Tactic.TFAE (6.5s)
✔ [333/616] Built Mathlib.Util.Tactic (1.3s)
✔ [334/616] Built Mathlib.Tactic.Relation.Rfl (1.6s)
✔ [335/617] Built Mathlib.Tactic.Observe (2.2s)
✔ [336/618] Built Mathlib.Tactic.DefEqAbuse (4.2s)
✔ [337/618] Built Mathlib.Tactic.Rename (1.7s)
✔ [338/627] Built Mathlib.Tactic.Recover (2.2s)
✔ [339/627] Built Batteries.CodeAction.Misc (6.7s)
✔ [343/627] Built Mathlib.Tactic.Linter (1.4s)
✔ [345/627] Built Mathlib.Tactic.Says (2.5s)
✔ [348/627] Built Mathlib.Tactic.Subsingleton (3.1s)
✔ [349/627] Built Mathlib.Tactic.SuccessIfFailWithMsg (1.9s)
✔ [350/627] Built Mathlib.Tactic.SudoSetOption (1.8s)
✔ [351/627] Built Mathlib.Tactic.SwapVar (1.8s)
✔ [352/627] Built Mathlib.Tactic.ToLevel (1.4s)
✔ [353/627] Built Aeneas.Std.Primitives (4.1s)
✔ [354/627] Built Mathlib.Tactic.SimpIntro (2.8s)
✔ [355/627] Built Batteries.Tactic.GeneralizeProofs (9.5s)
✔ [356/627] Built Mathlib.Tactic.Hint (2.4s)
✔ [357/627] Built Mathlib.Tactic.Trace (1.7s)
✔ [358/627] Built Mathlib.Tactic.UnsetOption (1.5s)
✔ [359/627] Built Mathlib.Data.Int.Init (3.2s)
✔ [360/627] Built Mathlib.Tactic.RenameBVar (1.8s)
✔ [361/627] Built Mathlib.Tactic.Set (3.2s)
✔ [362/627] Built Mathlib.Lean.Meta.RefinedDiscrTree.Encode (2.8s)
✔ [363/627] Built Mathlib.Tactic.Widget.SelectInsertParamsClass (1.6s)
✔ [364/627] Built Mathlib.Lean.Meta.RefinedDiscrTree.Initialize (2.0s)
✔ [365/627] Built Mathlib.Tactic.FunProp.FunctionData (2.7s)
✔ [366/627] Built Mathlib.Tactic.IrreducibleDef (3.6s)
✔ [367/627] Built Mathlib.Tactic.Tauto (4.4s)
✔ [378/700] Built Batteries.CodeAction.Match (1.9s)
✔ [379/746] Built Aeneas.Std.Alloc (1.8s)
✔ [380/746] Built Mathlib.Tactic.Push (5.2s)
✔ [381/746] Built Mathlib.Tactic.TermCongr (6.7s)
✔ [382/748] Built Mathlib.Tactic.CongrExclamation (5.4s)
✔ [383/748] Built Batteries.Data.Array.Basic (5.0s)
✔ [384/748] Built Mathlib.Tactic.FunProp.Types (1.4s)
✔ [385/748] Built Mathlib.Lean.GoalsLocation (1.2s)
✔ [392/752] Built Batteries.CodeAction (1.0s)
✔ [393/752] Built Mathlib.Lean.Expr.Rat (1.1s)
✔ [394/752] Built Mathlib.Data.Ineq (1.0s)
✔ [450/760] Built Mathlib.Tactic.Variable (3.8s)
✔ [451/760] Built Mathlib.Lean.Meta.KAbstractPositions (1.4s)
✔ [452/824] Built Mathlib.Tactic.Simps.Basic (11s)
✔ [453/824] Built Mathlib.Data.PNat.Notation (1.3s)
✔ [454/836] Built Mathlib.Util.Qq (1.5s)
✔ [455/836] Built Mathlib.Tactic.TryThis (1.5s)
✔ [456/871] Built Mathlib.Util.TransImports (1.7s)
✔ [457/871] Built Mathlib.Tactic.HaveI (1.6s)
✔ [458/871] Built Mathlib.Util.SynthesizeUsing (1.5s)
✔ [460/874] Built Aeneas.Std.Delab (3.2s)
✔ [461/874] Built Mathlib.Data.Option.NAry (1.6s)
✔ [462/880] Built Batteries.Data.BinomialHeap.Basic (9.3s)
✔ [470/880] Built Mathlib.Tactic.Widget.SelectPanelUtils (1.0s)
✔ [471/880] Built Mathlib.Lean.Meta.Tactic.Rewrite (1.5s)
✔ [472/882] Built Mathlib.Lean.Meta.RefinedDiscrTree.Lookup (2.7s)
✔ [473/882] Built Mathlib.Util.AtomM.Recurse (1.9s)
✔ [474/882] Built Mathlib.Control.Basic (1.8s)
✔ [475/882] Built Mathlib.Tactic.Linarith.Oracle.SimplexAlgorithm.Datatypes (1.8s)
✔ [476/889] Built Mathlib.Tactic.CongrM (1.6s)
✔ [477/889] Built Mathlib.Util.PrintSorries (2.2s)
✔ [478/889] Built Mathlib.Util.WhatsNew (2.1s)
✔ [479/892] Built Mathlib.Tactic.ToFun (1.0s)
✔ [480/892] Built Batteries.Control.ForInStep.Lemmas (807ms)
✔ [481/1019] Built Mathlib.Tactic.ByCases (1.7s)
✔ [482/1019] Built Mathlib.Tactic.Bound.Init (1.4s)
✔ [483/1019] Built Mathlib.Util.ElabWithoutMVars (1.5s)
✔ [484/1019] Built Mathlib.Util.PPOptions (1.3s)
✔ [485/1226] Built Mathlib.Tactic.ByContra (1.9s)
✔ [486/1226] Built Mathlib.Data.Int.Cast.Pi (1.4s)
✔ [487/1430] Built Mathlib.Control.ULift (1.6s)
✔ [493/1487] Built Mathlib.Data.Int.DivMod (1.3s)
✔ [496/1516] Built Mathlib.Tactic.Contrapose (2.0s)
✔ [497/1516] Built Mathlib.Data.Tree.Basic (1.0s)
✔ [498/1516] Built Mathlib.Data.List.Monad (1.3s)
✔ [500/1560] Built Mathlib.Tactic.Finiteness.Attr (1.3s)
✔ [501/1560] Built Mathlib.Tactic.WLOG (2.7s)
✔ [502/1573] Built Mathlib.Util.CountHeartbeats (3.4s)
✔ [503/1573] Built Mathlib.Tactic.SetLike (1.4s)
✔ [504/1579] Built Mathlib.Tactic.Widget.CongrM (1.5s)
✔ [505/1624] Built Mathlib.Data.Finset.Attr (1.3s)
✔ [512/1625] Built Mathlib.Lean.Meta.RefinedDiscrTree (1.6s)
✔ [513/1641] Built Batteries.Data.List.Pairwise (1.2s)
✔ [514/1641] Built Batteries.Data.Nat.Bitwise.Lemmas (811ms)
✔ [516/1650] Built Batteries.Data.BitVec.Basic (704ms)
✔ [518/1671] Built Mathlib.Tactic.Linarith.Oracle.SimplexAlgorithm.Gauss (1.0s)
✔ [520/1679] Built Mathlib.Tactic.Linarith.Oracle.SimplexAlgorithm.SimplexAlgorithm (2.1s)
✔ [521/1679] Built Batteries.Data.Fin.Basic (2.5s)
✔ [522/1679] Built Mathlib.Logic.Function.CompTypeclasses (1.4s)
✔ [523/1679] Built Batteries.Data.Fin.OfBits (1.2s)
✔ [524/1679] Built Batteries.Data.Int (1.3s)
✔ [525/1679] Built Batteries.Data.Nat.Bitwise (727ms)
✔ [526/1679] Built Mathlib.Tactic.Widget.Calc (2.8s)
✔ [527/1679] Built Mathlib.Control.Lawful (1.4s)
✔ [528/1679] Built Aeneas.Std.Core.Atomic (2.1s)
✔ [529/1679] Built Mathlib.Tactic.FunProp.Theorems (3.2s)
✔ [530/1679] Built Aeneas.Std.Core.Result (2.3s)
✔ [531/1679] Built Aeneas.Tactic.Simproc.ReduceZMod.Init (2.5s)
✔ [532/1679] Built Mathlib.Tactic.Bound.Attribute (2.7s)
✔ [533/1679] Built Aeneas.Std.Core.Pin (2.1s)
✔ [534/1679] Built Aeneas.Std.Core.Default (2.5s)
✔ [535/1679] Built Aeneas.Std.Core.Panic (2.4s)
✔ [536/1679] Built Mathlib.Tactic.Convert (4.4s)
✔ [537/1679] Built Mathlib.Tactic.Linarith.Oracle.SimplexAlgorithm.PositiveVector (1.5s)
✔ [538/1679] Built AeneasMeta.Simp.SimpAllAssumptions (4.1s)
✔ [539/1679] Built Aeneas.Std.Core.Ops (2.8s)
✔ [540/1679] Built Aeneas.Data.Tuples (2.6s)
✔ [541/1679] Built Aeneas.Tactic.Simproc.ReduceFin.Init (2.3s)
✔ [542/1679] Built Mathlib.Tactic.Widget.Conv (4.3s)
✔ [543/1679] Built Batteries.Data.BitVec.Lemmas (1.8s)
✔ [544/1679] Built AeneasMeta.Saturate.Attribute (4.8s)
✔ [545/1679] Built Batteries.Data.Fin.Lemmas (2.2s)
✔ [546/1679] Built AeneasMeta.Async.Async (2.5s)
✔ [547/1679] Built Mathlib.Tactic.FunProp.Attr (1.3s)
✔ [548/1679] Built Aeneas.Tactic.Misc.Let.Let (3.3s)
✔ [549/1679] Built AeneasMeta.Simp (1.3s)
✔ [550/1679] Built Aeneas.Std.Core.CoreResult (1.3s)
✔ [551/1679] Built Aeneas.Std.WP (5.9s)
✔ [552/1679] Built Aeneas.Tactic.Simproc.ReduceFin.ReduceFin (1.7s)
✔ [553/1679] Built Aeneas.Tactic.Misc.Let (1.7s)
✔ [554/1679] Built Mathlib.Tactic.Translate.Core (12s)
✔ [555/1679] Built Aeneas.Tactic.Simp.SimpScalar.Init (1.7s)
✔ [556/1679] Built Aeneas.Tactic.Conv.ZModify.Init (1.6s)
✔ [557/1679] Built Aeneas.Tactic.Simp.SimpIfs.Init (1.7s)
✔ [558/1679] Built Aeneas.Tactic.RustAttributes (1.6s)
✔ [559/1679] Built Mathlib.Tactic.Widget.LibraryRewrite (5.0s)
✔ [560/1679] Built Aeneas.Tactic.Solver.ScalarTac.Init (1.9s)
✔ [561/1679] Built Aeneas.Tactic.Simp.SimpBoolProp.Init (1.8s)
✔ [562/1679] Built Aeneas.Tactic.Conv.Bvify.Init (1.7s)
✔ [563/1679] Built Aeneas.Tactic.Conv.Natify.Init (1.8s)
✔ [564/1679] Built Aeneas.Tactic.Simp.SimpLists.Init (1.9s)
✔ [565/1679] Built AeneasMeta.Async.TestTactics (2.1s)
✔ [566/1679] Built Aeneas.Tactic.Simproc.ReduceFin (1.5s)
✔ [567/1679] Built Mathlib.Tactic.Translate.ToAdditive (1.3s)
✔ [568/1679] Built Mathlib.Util.Notation3 (14s)
✔ [569/1679] Built Mathlib.Tactic.Translate.TagUnfoldBoundary (1.3s)
✔ [570/1679] Built Aeneas.Tactic.Misc (1.5s)
✔ [571/1679] Built Aeneas.Data.Byte (1.5s)
✔ [572/1679] Built Aeneas.Tactic.Simp.SimpBoolProp.SimpBoolProp (1.6s)
✔ [573/1679] Built Aeneas.Tactic.Simproc.ReduceNat (1.6s)
✔ [574/1679] Built Aeneas.Data.Range.Lemmas (1.5s)
✔ [575/1679] Built Mathlib.Tactic.ToAdditive (767ms)
✔ [576/1679] Built Mathlib.Algebra.Notation (1.0s)
✔ [577/1679] Built Mathlib.Tactic.Translate.ToDual (1.3s)
✔ [578/1679] Built Mathlib.Util.Delaborators (8.6s)
✔ [579/1679] Built Mathlib.Algebra.Notation.Defs (1.5s)
✔ [580/1679] Built Mathlib.Tactic.ToDual (1.1s)
✔ [581/1679] Built Batteries.Data.List.Lemmas (10s)
✔ [582/1679] Built AeneasMeta.Split (6.2s)
✔ [583/1679] Built Mathlib.Algebra.Regular.Defs (1.4s)
✔ [584/1679] Built Mathlib.Tactic.FunProp.Core (8.6s)
✔ [585/1679] Built Mathlib.Algebra.Notation.Pi.Defs (1.9s)
✔ [586/1679] Built Aeneas.Command.Decompose (6.6s)
✔ [587/1679] Built AeneasMeta.Saturate.Tactic (7.0s)
✔ [588/1679] Built Mathlib.Order.Defs.PartialOrder (2.4s)
✔ [589/1679] Built Mathlib.Order.Notation (2.9s)
✔ [590/1679] Built Mathlib.Data.Set.Defs (2.0s)
✔ [591/1679] Built Mathlib.Algebra.NeZero (1.5s)
✔ [592/1679] Built Mathlib.Data.Set.CoeSort (1.5s)
✔ [593/1679] Built Batteries.Data.List.Count (3.5s)
✔ [594/1679] Built Mathlib.Order.Bounds.Defs (1.7s)
✔ [595/1679] Built Mathlib.Order.TypeTags (1.8s)
✔ [596/1679] Built Mathlib.Control.Functor (1.0s)
✔ [597/1679] Built Mathlib.Order.Defs.LinearOrder (3.1s)
✔ [598/1679] Built Mathlib.Order.Interval.Set.Defs (2.5s)
✔ [599/1679] Built Mathlib.Order.Defs.Unbundled (2.6s)
✔ [600/1679] Built Mathlib.Tactic.FunProp.Elab (3.9s)
✔ [601/1679] Built AeneasMeta.Saturate (3.3s)
✔ [602/1679] Built Mathlib.Lean.Expr.ExtraRecognizers (2.1s)
✔ [603/1679] Built Mathlib.Data.ENat.Defs (1.0s)
✔ [604/1679] Built Mathlib.Control.Traversable.Basic (3.0s)
✔ [605/1679] Built Mathlib.Data.Bool.Basic (3.4s)
✔ [606/1679] Built Mathlib.Data.Int.Order.Basic (3.4s)
✔ [607/1679] Built Mathlib.Tactic.FunProp (3.3s)
✔ [608/1679] Built Mathlib.Data.Sigma.Lex (3.2s)
✔ [609/1679] Built Mathlib.Data.List.Defs (4.5s)
✔ [610/1679] Built Mathlib.Logic.Relation (3.9s)
✔ [611/1679] Built Batteries.Data.List.Perm (5.1s)
✔ [612/1679] Built Aeneas.Tactic.Step.Init (14s)
✔ [613/1679] Built Mathlib.Logic.Function.Basic (4.1s)
✔ [614/1679] Built Mathlib.Algebra.Group.Defs (9.0s)
✔ [615/1679] Built Mathlib.Data.List.GetD (1.6s)
✔ [616/1679] Built Mathlib.Data.Nat.Bits (1.8s)
✔ [617/1679] Built Mathlib.Logic.IsEmpty.Basic (2.3s)
✔ [618/1679] Built Mathlib.Logic.Pairwise (2.5s)
✔ [619/1679] Built Mathlib.Logic.Function.Conjugate (2.6s)
✔ [620/1679] Built Mathlib.Data.Subtype (2.7s)
✔ [621/1679] Built Mathlib.Data.Sigma.Basic (2.7s)
✔ [622/1679] Built Mathlib.Logic.Unique (2.8s)
✔ [623/1679] Built Mathlib.Data.Sum.Basic (2.8s)
✔ [624/1679] Built Mathlib.Algebra.Group.Nat.Defs (2.3s)
✔ [625/1679] Built Mathlib.Algebra.Group.Commutator (2.3s)
✔ [626/1679] Built Mathlib.Algebra.Group.Int.Defs (2.5s)
✔ [627/1679] Built Mathlib.Algebra.Group.PUnit (2.5s)
✔ [628/1679] Built Mathlib.Algebra.Notation.Pi.Basic (3.1s)
✔ [629/1679] Built Mathlib.Algebra.BigOperators.Group.List.Defs (2.7s)
✔ [630/1679] Built Mathlib.Algebra.Group.Semiconj.Defs (2.8s)
✔ [631/1679] Built Mathlib.Control.Applicative (2.9s)
✔ [632/1679] Built Aeneas.Std.PrimitivesLemmas (3.6s)
✔ [633/1679] Built Mathlib.Data.Nat.Cast.Defs (2.9s)
✔ [634/1679] Built Mathlib.Algebra.Group.Invertible.Defs (2.0s)
✔ [635/1679] Built Aeneas.Std.Core.Core (3.9s)
✔ [636/1679] Built Mathlib.Algebra.GroupWithZero.Defs (3.3s)
✔ [637/1679] Built Mathlib.Data.List.Pairwise (1.4s)
✔ [638/1679] Built Aeneas.Std.Core.Cmp (3.0s)
✔ [639/1679] Built Mathlib.Data.FunLike.Basic (1.3s)
✔ [640/1679] Built Mathlib.Logic.Function.Iterate (1.5s)
✔ [641/1679] Built Mathlib.Tactic.Choose (4.0s)
✔ [642/1679] Built Mathlib.Data.Option.Basic (1.9s)
✔ [643/1679] Built Mathlib.Data.Nat.Cast.NeZero (1.0s)
✔ [644/1679] Built Aeneas.Tactic.Step.InferPost (4.6s)
✔ [645/1679] Built Mathlib.Data.Int.Cast.Defs (1.1s)
✔ [646/1679] Built Mathlib.Algebra.Group.Commute.Defs (1.6s)
✔ [647/1679] Built Mathlib.Algebra.GroupWithZero.Nat (1.1s)
✔ [648/1679] Built Mathlib.Algebra.GroupWithZero.NeZero (1.2s)
✔ [649/1679] Built Mathlib.Data.Set.Operations (2.3s)
✔ [650/1679] Built Mathlib.Algebra.GroupWithZero.Regular (1.1s)
✔ [651/1679] Built Mathlib.Data.FunLike.Embedding (995ms)
✔ [652/1679] Built Mathlib.Data.Quot (2.4s)
✔ [653/1679] Built Mathlib.Algebra.Group.InjSurj (4.8s)
✔ [654/1679] Built Mathlib.Algebra.Group.Pi.Basic (2.5s)
✔ [655/1679] Built Mathlib.Data.Prod.Basic (1.6s)
✔ [656/1679] Built Mathlib.Algebra.CharZero.Defs (1.0s)
✔ [657/1679] Built Mathlib.Data.FunLike.IsApply (1.6s)
✔ [658/1679] Built Aeneas.Std.Core.Marker (1.9s)
✔ [659/1679] Built Mathlib.Dynamics.FixedPoints.Defs (878ms)
✔ [660/1679] Built Aeneas.Std.Core.Convert (2.0s)
✔ [661/1679] Built Mathlib.Data.FunLike.Equiv (905ms)
✔ [662/1679] Built Mathlib.Data.Set.Notation (1.1s)
✔ [663/1679] Built Mathlib.Logic.Nontrivial.Basic (786ms)
✔ [664/1679] Built Mathlib.Algebra.GroupWithZero.InjSurj (1.4s)
✔ [665/1679] Built Mathlib.Algebra.Notation.Prod (1.2s)
✔ [666/1679] Built Mathlib.Tactic.GCongr.Core (11s)
✔ [667/1679] Built Mathlib.Algebra.Ring.Defs (2.7s)
✔ [668/1679] Built Mathlib.Tactic.GCongr.CoreAttrs (758ms)
✔ [669/1679] Built Mathlib.Data.Nat.Basic (1.1s)
✔ [670/1679] Built Mathlib.Tactic.Nontriviality.Core (1.7s)
✔ [671/1679] Built Mathlib.Algebra.Group.Units.Defs (3.5s)
✔ [672/1679] Built Mathlib.Algebra.Ring.Semiconj (1.1s)
✔ [673/1679] Built Mathlib.Data.List.Flatten (1.5s)
✔ [674/1679] Built Mathlib.Algebra.Ring.PUnit (1.1s)
✔ [675/1679] Built Mathlib.Tactic.GCongr (910ms)
✔ [676/1679] Built Mathlib.Algebra.Field.Defs (1.5s)
✔ [677/1679] Built Mathlib.Tactic.Nontriviality (867ms)
✔ [678/1679] Built Mathlib.Algebra.Ring.Nat (1.0s)
✔ [679/1679] Built Mathlib.Algebra.Group.Nat.Units (856ms)
✔ [680/1679] Built Mathlib.Logic.Equiv.Defs (3.3s)
✔ [681/1679] Built Mathlib.Data.Int.Basic (1.3s)
✔ [682/1679] Built Mathlib.Algebra.Group.Irreducible.Defs (1.1s)
✔ [683/1679] Built Mathlib.Data.Nat.Find (1.4s)
✔ [684/1679] Built Mathlib.Data.Nat.Sqrt (1.6s)
✔ [685/1679] Built Mathlib.Algebra.Group.Hom.Defs (5.8s)
✔ [686/1679] Built Mathlib.Data.Finite.Defs (897ms)
✔ [687/1679] Built Mathlib.Logic.Small.Defs (879ms)
✔ [688/1679] Built Mathlib.Control.Monad.Basic (879ms)
✔ [689/1679] Built Aeneas.Data.Range.SRRange.Basic (2.0s)
✔ [690/1679] Built Mathlib.Control.EquivFunctor (1.0s)
✔ [691/1679] Built Mathlib.Order.SetNotation (5.5s)
✔ [692/1679] Built Mathlib.Control.Monad.Writer (1.3s)
✔ [693/1679] Built Mathlib.Algebra.Group.Hom.CompTypeclasses (1.0s)
✔ [694/1679] Built Mathlib.Algebra.Group.Commute.Hom (1.0s)
✔ [695/1679] Built Mathlib.Algebra.GroupWithZero.Pi (1.0s)
✔ [696/1679] Built Mathlib.Algebra.Opposites (1.6s)
✔ [697/1679] Built Mathlib.Logic.UnivLE (818ms)
✔ [698/1679] Built Mathlib.Algebra.Group.Basic (6.0s)
✔ [699/1679] Built Mathlib.Data.Countable.Defs (873ms)
✔ [700/1679] Built Mathlib.Order.Basic (4.3s)
✔ [701/1679] Built Mathlib.Logic.Equiv.Option (1.5s)
✔ [702/1679] Built Mathlib.Algebra.Regular.Opposite (1.0s)
✔ [703/1679] Built Mathlib.Control.Monad.Cont (1.6s)
✔ [704/1679] Built Mathlib.Data.Int.Cast.Basic (1.5s)
✔ [705/1679] Built Mathlib.Algebra.Group.Semiconj.Basic (1.5s)
✔ [706/1679] Built Mathlib.Algebra.Group.Idempotent (1.5s)
✔ [707/1679] Built Mathlib.Order.Lex (1.4s)
✔ [708/1679] Built Mathlib.Algebra.Group.Torsion (1.7s)
✔ [709/1679] Built Mathlib.Order.ULift (1.4s)
✔ [710/1679] Built Mathlib.Algebra.Group.Int.Units (1.6s)
✔ [711/1679] Built Mathlib.Algebra.Order.ZeroLEOne (1.6s)
✔ [712/1679] Built Mathlib.Data.PNat.Defs (1.9s)
✔ [713/1679] Built Mathlib.Algebra.GroupWithZero.Basic (2.3s)
✔ [714/1679] Built Mathlib.Algebra.Regular.Basic (2.3s)
✔ [715/1679] Built Mathlib.Order.OrderDual (2.3s)
✔ [716/1679] Built Aeneas.Data.Range.DivRange.Basic (2.0s)
✔ [717/1679] Built Mathlib.Algebra.Group.Equiv.Defs (4.2s)
✔ [718/1679] Built Mathlib.Algebra.Ring.Int.Defs (1.7s)
✔ [719/1679] Built Mathlib.Algebra.GroupWithZero.Idempotent (1.7s)
✔ [720/1679] Built Aeneas.Data.Range.MulRange.Basic (3.2s)
✔ [721/1679] Built Mathlib.Order.Monotone.Defs (3.1s)
✔ [722/1679] Built Mathlib.Algebra.Group.Commute.Basic (1.9s)
✔ [723/1679] Built Mathlib.Tactic.Zify (1.8s)
✔ [724/1679] Built Mathlib.Data.PNat.Equiv (1.2s)
✔ [725/1679] Built Mathlib.Algebra.Group.Hom.Basic (3.4s)
✔ [726/1679] Built Mathlib.Algebra.Ring.GrindInstances (2.0s)
✔ [727/1679] Built Mathlib.Algebra.Group.Action.Defs (3.8s)
✔ [728/1679] Built Mathlib.Order.Compare (1.5s)
✔ [729/1679] Built Mathlib.Algebra.Group.Units.Basic (4.1s)
✔ [730/1679] Built Mathlib.Algebra.Group.ModEq (2.6s)
✔ [731/1679] Built Mathlib.Data.Int.Cast.Field (1.3s)
✔ [732/1679] Built Mathlib.Algebra.Group.Opposite (2.9s)
✔ [733/1679] Built Mathlib.Order.Max (2.2s)
✔ [734/1679] Built Mathlib.Algebra.Group.TypeTags.Basic (3.3s)
✔ [735/1679] Built Mathlib.Algebra.Group.ULift (2.1s)
✔ [736/1679] Built Mathlib.Algebra.Ring.Idempotent (1.9s)
✔ [737/1679] Built Mathlib.Order.RelClasses (2.7s)
✔ [738/1679] Built Mathlib.Algebra.Group.Action.Faithful (1.6s)
✔ [739/1679] Built Mathlib.Algebra.Order.Monoid.Unbundled.Defs (2.1s)
✔ [740/1679] Built Mathlib.Algebra.Group.Semiconj.Units (1.4s)
✔ [741/1679] Built Mathlib.Algebra.GroupWithZero.Hom (2.3s)
✔ [742/1679] Built Mathlib.Tactic.GRewrite.Core (10s)
✔ [743/1679] Built Mathlib.Algebra.GroupWithZero.Opposite (1.5s)
✔ [744/1679] Built Mathlib.Algebra.Group.Action.TypeTags (1.2s)
✔ [745/1679] Built Mathlib.Algebra.GroupWithZero.ULift (1.3s)
✔ [746/1679] Built Mathlib.Algebra.Order.Group.Synonym (4.1s)
✔ [747/1679] Built Mathlib.Algebra.GroupWithZero.Units.Basic (2.6s)
✔ [748/1679] Built Mathlib.Algebra.Group.TypeTags.Hom (2.0s)
✔ [749/1679] Built Mathlib.Algebra.Group.Action.Opposite (2.3s)
✔ [750/1679] Built Mathlib.Algebra.Group.Units.Hom (2.9s)
✔ [751/1679] Built Mathlib.Algebra.GroupWithZero.Equiv (1.5s)
✔ [752/1679] Built Mathlib.Algebra.Ring.Hom.InjSurj (1.5s)
✔ [753/1679] Built Mathlib.Order.BoundedOrder.Basic (2.7s)
✔ [754/1679] Built Mathlib.Algebra.EuclideanDomain.Defs (2.1s)
✔ [755/1679] Built Mathlib.Algebra.Group.Action.Units (2.1s)
✔ [756/1679] Built Mathlib.Algebra.Group.Hom.Instances (4.3s)
✔ [757/1679] Built Mathlib.Algebra.Group.Commute.Units (2.2s)
✔ [758/1679] Built Mathlib.Algebra.Ring.InjSurj (6.3s)
✔ [759/1679] Built Mathlib.Algebra.Group.Action.Pretransitive (1.7s)
✔ [760/1679] Built Mathlib.Algebra.Order.GroupWithZero.Synonym (1.4s)
✔ [761/1679] Built Mathlib.Algebra.Order.GroupWithZero.Defs (2.7s)
✔ [762/1679] Built Mathlib.Algebra.GroupWithZero.Semiconj (1.4s)
✔ [763/1679] Built Mathlib.Algebra.Order.Monoid.Unbundled.OrderDual (1.5s)
✔ [764/1679] Built Mathlib.Algebra.Order.Group.Action.Synonym (1.5s)
✔ [765/1679] Built Mathlib.Algebra.Order.Ring.Synonym (1.7s)
✔ [766/1679] Built Mathlib.Order.Monotone.Basic (3.2s)
✔ [767/1679] Built Mathlib.Algebra.Group.Nat.Hom (1.5s)
✔ [768/1679] Built Mathlib.Order.Nat (1.0s)
✔ [769/1679] Built Mathlib.Algebra.EuclideanDomain.Field (1.4s)
✔ [770/1679] Built Mathlib.Algebra.Group.Hom.End (1.1s)
✔ [771/1679] Built Mathlib.Algebra.Group.Invertible.Basic (1.3s)
✔ [772/1679] Built Mathlib.Tactic.GRewrite.Elab (2.9s)
✔ [773/1679] Built Mathlib.Algebra.GroupWithZero.Commute (989ms)
✔ [774/1679] Built Mathlib.Algebra.Group.Action.Hom (1.3s)
✔ [775/1679] Built Mathlib.Algebra.Ring.Basic (1.6s)
✔ [776/1679] Built Mathlib.Algebra.GroupWithZero.Action.Defs (2.4s)
✔ [777/1679] Built Mathlib.Order.BoundedOrder.Monotone (966ms)
✔ [778/1679] Built Mathlib.Algebra.Group.Equiv.TypeTags (2.4s)
✔ [779/1679] Built Mathlib.Order.Iterate (1.4s)
✔ [780/1679] Built Mathlib.Tactic.GRewrite (769ms)
✔ [781/1679] Built Mathlib.Order.GaloisConnection.Defs (1.8s)
✔ [782/1679] Built Mathlib.Algebra.GroupWithZero.Invertible (1.2s)
✔ [783/1679] Built Mathlib.Algebra.GroupWithZero.Units.Lemmas (1.2s)
✔ [784/1679] Built Mathlib.Data.Nat.Log (1.9s)
✔ [785/1679] Built Mathlib.Algebra.GroupWithZero.Action.Opposite (1.1s)
✔ [786/1679] Built Mathlib.Algebra.GroupWithZero.Action.Units (1.3s)
✔ [787/1679] Built Mathlib.Algebra.Regular.SMul (1.3s)
✔ [788/1679] Built Mathlib.Algebra.GroupWithZero.Action.Hom (1.3s)
✔ [789/1679] Built Mathlib.Algebra.Module.Defs (1.6s)
✔ [790/1679] Built Mathlib.Tactic.Common (1.1s)
✔ [791/1679] Built Mathlib.Algebra.GroupWithZero.Action.End (1.1s)
✔ [792/1679] Built Mathlib.Algebra.Ring.Invertible (1.5s)
✔ [793/1679] Built Mathlib.Algebra.Quotient (1.6s)
✔ [794/1679] Built Mathlib.Data.List.ProdSigma (1.6s)
✔ [795/1679] Built Mathlib.Algebra.Ring.Hom.Defs (3.7s)
✔ [796/1679] Built Mathlib.Data.Int.Sqrt (1.0s)
✔ [797/1679] Built Mathlib.Data.List.Count (2.1s)
✔ [798/1679] Built Mathlib.Algebra.Order.GroupWithZero.Action.Synonym (2.3s)
✔ [799/1679] Built Mathlib.Data.Rat.Defs (2.3s)
✔ [800/1679] Built Mathlib.Data.List.InsertIdx (2.4s)
✔ [801/1679] Built Mathlib.Logic.Equiv.Prod (15s)
✔ [802/1679] Built Mathlib.Data.Vector.Defs (2.5s)
✔ [803/1679] Built Mathlib.Algebra.Field.IsField (2.5s)
✔ [804/1679] Built Mathlib.Algebra.Divisibility.Basic (2.6s)
✔ [805/1679] Built Mathlib.Algebra.Group.WithOne.Defs (2.7s)
✔ [806/1679] Built Mathlib.Tactic.NormNum.Result (3.5s)
✔ [807/1679] Built Mathlib.Data.List.Induction (2.8s)
✔ [808/1679] Built Mathlib.Order.Lattice (5.7s)
✔ [809/1679] Built Mathlib.Data.Nat.Factorial.Basic (3.4s)
✔ [810/1679] Built Mathlib.Algebra.Ring.Units (1.7s)
✔ [811/1679] Built Mathlib.Algebra.Module.RingHom (1.8s)
✔ [812/1679] Built Mathlib.Algebra.Divisibility.Hom (1.3s)
✔ [813/1679] Built Mathlib.Algebra.Ring.Rat (1.5s)
✔ [814/1679] Built Mathlib.Algebra.Divisibility.Units (1.6s)
✔ [815/1679] Built Mathlib.Data.List.TakeDrop (4.2s)
✔ [816/1679] Built Mathlib.Algebra.Group.WithOne.Map (1.6s)
✔ [817/1679] Built Mathlib.Logic.Equiv.Sum (1.0s)
✔ [818/1679] Built Mathlib.Order.BoundedOrder.Lattice (1.5s)
✔ [819/1679] Built Mathlib.Data.Int.GCD (2.2s)
✔ [820/1679] Built Mathlib.Algebra.Ring.Int.Units (1.3s)
✔ [821/1679] Built Mathlib.Order.MinMax (2.5s)
✔ [822/1679] Built Mathlib.Algebra.Ring.Commute (2.0s)
✔ [823/1679] Built Mathlib.Tactic.NormNum.Core (3.2s)
✔ [824/1679] Built Mathlib.Algebra.GroupWithZero.Divisibility (1.9s)
✔ [825/1679] Built Mathlib.Data.Nat.Choose.Basic (2.6s)
✔ [826/1679] Built Mathlib.Data.Fin.Basic (3.0s)
✔ [827/1679] Built Mathlib.Algebra.Order.IsBotOne (1.7s)
✔ [828/1679] Built Mathlib.Algebra.GroupWithZero.WithZero (3.8s)
✔ [829/1679] Built Mathlib.Data.List.Basic (6.6s)
✔ [830/1679] Built Mathlib.Data.Prod.Lex (3.6s)
✔ [831/1679] Built Mathlib.Data.Nat.Cast.Commute (1.3s)
✔ [832/1679] Built Mathlib.Algebra.Group.Prod (5.1s)
✔ [833/1679] Built Mathlib.Algebra.Prime.Defs (1.7s)
✔ [834/1679] Built Mathlib.Order.Disjoint (3.2s)
✔ [835/1679] Built Mathlib.Data.List.Enum (1.8s)
✔ [836/1679] Built Mathlib.Data.Nat.GCD.Basic (2.4s)
✔ [837/1679] Built Mathlib.Data.List.Infix (2.1s)
✔ [838/1679] Built Mathlib.Data.List.Lex (2.2s)
✔ [839/1679] Built Mathlib.Data.Nat.Cast.Prod (1.4s)
✔ [840/1679] Built Mathlib.Logic.Equiv.Basic (4.5s)
✔ [841/1679] Built Mathlib.Data.List.Forall2 (2.4s)
✔ [842/1679] Built Mathlib.Tactic.Order.CollectFacts (5.0s)
✔ [843/1679] Built Mathlib.Order.PropInstances (1.5s)
✔ [844/1679] Built Mathlib.Algebra.GroupWithZero.Prod (1.9s)
✔ [845/1679] Built Mathlib.Algebra.Field.Basic (3.9s)
✔ [846/1679] Built Mathlib.Data.List.Lattice (3.1s)
✔ [847/1679] Built Mathlib.Algebra.Group.Action.Prod (2.2s)
✔ [848/1679] Built Mathlib.Data.Nat.Prime.Defs (2.4s)
✔ [849/1679] Built Mathlib.Data.ULift (1.2s)
✔ [850/1679] Built Mathlib.Data.Int.Cast.Prod (1.3s)
✔ [851/1679] Built Mathlib.Tactic.Order.Graph.Basic (1.4s)
✔ [852/1679] Built Mathlib.Data.List.Zip (1.0s)
✔ [853/1679] Built Mathlib.Algebra.FreeMonoid.Basic (4.9s)
✔ [854/1679] Built Mathlib.Logic.Embedding.Basic (2.6s)
✔ [855/1679] Built Mathlib.Data.List.Perm.Basic (2.7s)
✔ [856/1679] Built Mathlib.Tactic.Order.Preprocessing (2.5s)
✔ [857/1679] Built Mathlib.Tactic.Order.ToInt (2.8s)
✔ [858/1679] Built Mathlib.Algebra.GroupWithZero.Action.Prod (2.4s)
✔ [859/1679] Built Mathlib.Algebra.Group.Equiv.Basic (3.2s)
✔ [860/1679] Built Mathlib.Data.List.Nodup (3.3s)
✔ [861/1679] Built Mathlib.Data.List.Chain (3.4s)
✔ [862/1679] Built Mathlib.Tactic.Order.Graph.Tarjan (1.9s)
✔ [863/1679] Built Mathlib.SetTheory.Cardinal.Defs (2.3s)
✔ [864/1679] Built Mathlib.Algebra.Order.Monoid.Unbundled.Basic (6.3s)
✔ [865/1679] Built Mathlib.Data.Set.Basic (3.5s)
✔ [866/1679] Built Mathlib.Algebra.Group.Embedding (1.3s)
✔ [867/1679] Built Mathlib.Data.List.Perm.Subperm (1.8s)
✔ [868/1679] Built Mathlib.Algebra.Group.Action.Basic (2.1s)
✔ [869/1679] Built Mathlib.Algebra.Module.Prod (1.7s)
✔ [870/1679] Built Mathlib.Data.List.NatAntidiagonal (1.8s)
✔ [871/1679] Built Mathlib.Data.List.Duplicate (2.1s)
✔ [872/1679] Built Mathlib.Data.List.Range (2.3s)
✔ [873/1679] Built Mathlib.Data.List.Dedup (2.6s)
✔ [874/1679] Built Mathlib.Data.Set.Disjoint (2.3s)
✔ [875/1679] Built Mathlib.Data.Nat.Order.Lemmas (2.4s)
✔ [876/1679] Built Mathlib.Algebra.Ring.Divisibility.Basic (3.0s)
✔ [877/1679] Built Mathlib.Algebra.Group.Units.Equiv (3.1s)
✔ [878/1679] Built Mathlib.Algebra.Order.Monoid.Unbundled.ExistsOfLE (2.6s)
✔ [879/1679] Built Mathlib.Algebra.Order.Monoid.NatCast (2.6s)
✔ [880/1679] Built Mathlib.Data.Set.Inclusion (2.5s)
✔ [881/1679] Built Mathlib.Algebra.Order.Sub.Defs (2.8s)
✔ [882/1679] Built Mathlib.Data.List.Rotate (3.2s)
✔ [883/1679] Built Mathlib.Algebra.Order.Monoid.Unbundled.MinMax (2.9s)
✔ [884/1679] Built Mathlib.Data.Set.Order (2.7s)
✔ [885/1679] Built Mathlib.Algebra.Order.Monoid.Defs (3.0s)
✔ [886/1679] Built Mathlib.Data.List.Perm.Lattice (3.5s)
✔ [887/1679] Built Mathlib.Order.Heyting.Basic (6.4s)
✔ [888/1679] Built Mathlib.Algebra.Group.Equiv.Opposite (3.8s)
✔ [889/1679] Built Mathlib.Data.SetLike.Basic (3.1s)
✔ [890/1679] Built Mathlib.Algebra.Ring.Action.Basic (2.5s)
✔ [891/1679] Built Mathlib.Data.List.OffDiag (4.2s)
✔ [892/1679] Built Mathlib.Order.RelIso.Basic (5.3s)
✔ [893/1679] Built Mathlib.Data.Multiset.Defs (3.4s)
✔ [894/1679] Built Mathlib.Data.List.Sublists (3.4s)
✔ [895/1679] Built Mathlib.Algebra.Order.Monoid.Unbundled.Pow (4.2s)
✔ [896/1679] Built Mathlib.Algebra.GroupWithZero.Units.Equiv (1.0s)
✔ [897/1679] Built Mathlib.Algebra.Order.Monoid.Unbundled.TypeTags (2.2s)
✔ [898/1679] Built Mathlib.Algebra.Order.Monoid.OrderDual (1.8s)
✔ [899/1679] Built Mathlib.Algebra.Order.Group.Int (1.9s)
✔ [900/1679] Built Mathlib.Order.WithBot (14s)
✔ [901/1679] Built Mathlib.Algebra.Order.Sub.Unbundled.Basic (2.5s)
✔ [902/1679] Built Mathlib.Algebra.BigOperators.Group.List.Basic (6.4s)
✔ [903/1679] Built Mathlib.Data.List.Permutation (3.8s)
✔ [904/1679] Built Mathlib.Order.BooleanAlgebra.Defs (2.5s)
✔ [905/1679] Built Mathlib.Algebra.Order.Monoid.Canonical.Defs (2.7s)
✔ [906/1679] Built Mathlib.Algebra.Module.PUnit (2.1s)
✔ [907/1679] Built Mathlib.Data.Set.Insert (3.4s)
✔ [908/1679] Built Mathlib.Tactic.Order (6.2s)
✔ [909/1679] Built Mathlib.Algebra.Group.Even (3.4s)
✔ [910/1679] Built Mathlib.Algebra.Group.Subsemigroup.Defs (3.6s)
✔ [911/1679] Built Mathlib.Algebra.Order.Group.Nat (1.8s)
✔ [912/1679] Built Mathlib.Data.Bool.Set (1.7s)
✔ [913/1679] Built Mathlib.Algebra.Order.Monoid.TypeTags (1.9s)
✔ [914/1679] Built Aeneas.Data.Range.DivRange.Lemmas (4.0s)
✔ [915/1679] Built Mathlib.Data.Set.Subsingleton (2.2s)
✔ [916/1679] Built Mathlib.Data.Multiset.ZeroCons (3.8s)
✔ [917/1679] Built Mathlib.Algebra.BigOperators.Group.List.Lemmas (2.5s)
✔ [918/1679] Built Mathlib.Algebra.BigOperators.Ring.List (2.6s)
✔ [919/1679] Built Mathlib.Algebra.Ring.Opposite (5.1s)
✔ [920/1679] Built Mathlib.Algebra.Group.End (5.8s)
✔ [921/1679] Built Mathlib.Data.List.MinMax (3.1s)
✔ [922/1679] Built Mathlib.Algebra.Group.Irreducible.Lemmas (2.4s)
✔ [923/1679] Built Mathlib.Algebra.Order.Group.Unbundled.Basic (6.5s)
✔ [924/1679] Built Mathlib.Algebra.Order.Sub.Basic (2.6s)
✔ [925/1679] Built Mathlib.Algebra.Group.Nat.Even (2.7s)
✔ [926/1679] Built Mathlib.Data.Nat.Cast.Basic (2.8s)
✔ [927/1679] Built Mathlib.Algebra.Order.BigOperators.Group.List (3.0s)
✔ [928/1679] Built Mathlib.Algebra.Module.Opposite (1.8s)
✔ [929/1679] Built Mathlib.Data.Multiset.Count (2.3s)
✔ [930/1679] Built Mathlib.Order.BooleanAlgebra.Basic (4.8s)
✔ [931/1679] Built Mathlib.Data.Multiset.Basic (2.4s)
✔ [932/1679] Built Mathlib.Algebra.Group.Center (10s)
✔ [933/1679] Built Mathlib.Algebra.Group.Submonoid.Defs (4.3s)
✔ [934/1679] Built Mathlib.Algebra.Group.Action.End (2.7s)
✔ [935/1679] Built Mathlib.Algebra.Prime.Lemmas (2.2s)
✔ [936/1679] Built Mathlib.Algebra.Order.Group.Defs (2.0s)
✔ [937/1679] Built Mathlib.Data.Part (3.6s)
✔ [938/1679] Built Mathlib.Algebra.Group.Conj (3.1s)
✔ [939/1679] Built Mathlib.Algebra.Order.Group.Basic (2.3s)
✔ [940/1679] Built Mathlib.Algebra.Group.Int.Even (2.4s)
✔ [941/1679] Built Mathlib.Algebra.Order.Monoid.Unbundled.WithTop (6.8s)
✔ [942/1679] Built Mathlib.Algebra.CharP.Defs (2.8s)
✔ [943/1679] Built Mathlib.GroupTheory.Subsemigroup.Center (1.6s)
✔ [944/1679] Built Mathlib.Algebra.GroupWithZero.Center (1.6s)
✔ [945/1679] Built Mathlib.Algebra.Ring.Centralizer (1.6s)
✔ [946/1679] Built Mathlib.Order.Hom.Basic (8.5s)
✔ [947/1679] Built Mathlib.Data.Multiset.AddSub (2.6s)
✔ [948/1679] Built Mathlib.Algebra.GroupWithZero.Submonoid.Primal (1.9s)
✔ [949/1679] Built Mathlib.Algebra.Group.Submonoid.MulAction (2.1s)
✔ [950/1679] Built Mathlib.Order.SymmDiff (3.0s)
✔ [951/1679] Built Mathlib.Algebra.GroupWithZero.Action.Basic (2.4s)
✔ [952/1679] Built Mathlib.Order.BooleanAlgebra.Set (3.6s)
✔ [953/1679] Built Mathlib.Algebra.Order.Monoid.WithTop (1.9s)
✔ [954/1679] Built Mathlib.Algebra.Order.Sub.WithTop (1.9s)
✔ [955/1679] Built Mathlib.Algebra.Order.Monoid.Basic (1.8s)
✔ [956/1679] Built Mathlib.RingTheory.NonUnitalSubsemiring.Defs (3.5s)
✔ [957/1679] Built Mathlib.Algebra.Order.Group.OrderIso (2.3s)
✔ [958/1679] Built Mathlib.Algebra.Order.Monoid.Units (2.3s)
✔ [959/1679] Built Mathlib.Order.Part (2.4s)
✔ [960/1679] Built Mathlib.Data.Multiset.Replicate (2.5s)
✔ [961/1679] Built Mathlib.Algebra.Group.Submonoid.DistribMulAction (2.1s)
✔ [962/1679] Built Mathlib.Algebra.GroupWithZero.Associated (4.1s)
✔ [963/1679] Built Mathlib.Order.Antisymmetrization (3.1s)
✔ [964/1679] Built Mathlib.Data.Nat.Cast.Order.Basic (3.2s)
✔ [965/1679] Built Mathlib.Data.Set.SymmDiff (2.0s)
✔ [966/1679] Built Mathlib.Tactic.ApplyFun (3.3s)
✔ [967/1679] Built Mathlib.Algebra.Ring.Parity (4.2s)
✔ [968/1679] Built Mathlib.Algebra.Order.Group.Units (1.5s)
✔ [969/1679] Built Mathlib.Algebra.Order.AddGroupWithTop (2.8s)
✔ [970/1679] Built Mathlib.Algebra.Order.Group.Lattice (2.1s)
✔ [971/1679] Built Mathlib.Algebra.Ring.Associated (1.7s)
✔ [972/1679] Built Mathlib.Order.Hom.Lattice (4.5s)
✔ [973/1679] Built Mathlib.Order.Hom.Bounded (4.6s)
✔ [974/1679] Built Mathlib.Data.List.Prime (1.9s)
✔ [975/1679] Built Mathlib.Algebra.Group.Subgroup.Defs (6.5s)
✔ [976/1679] Built Mathlib.Order.Filter.Defs (3.0s)
✔ [977/1679] Built Mathlib.Tactic.NormNum.Basic (8.5s)
✔ [978/1679] Built Mathlib.Algebra.Ring.Subsemiring.Defs (3.5s)
✔ [979/1679] Built Mathlib.Data.Nat.Prime.Basic (2.2s)
✔ [980/1679] Built Mathlib.Data.Int.Cast.Lemmas (2.4s)
✔ [981/1679] Built Mathlib.Algebra.Ring.Int.Parity (2.8s)
✔ [982/1679] Built Mathlib.Data.Sum.Order (6.1s)
✔ [983/1679] Built Mathlib.Algebra.Ring.Action.Subobjects (1.5s)
✔ [984/1679] Built Mathlib.Data.Nat.Bitwise (3.2s)
✔ [985/1679] Built Mathlib.Algebra.Order.Hom.Monoid (6.8s)
✔ [986/1679] Built Mathlib.Data.Nat.Prime.Pow (1.6s)
✔ [987/1679] Built Mathlib.Data.Nat.Prime.Int (1.6s)
✔ [988/1679] Built Mathlib.Order.Interval.Set.Basic (6.2s)
✔ [989/1679] Built Mathlib.RingTheory.NonUnitalSubring.Defs (2.6s)
✔ [990/1679] Built Mathlib.Algebra.Ring.Center (1.8s)
✔ [991/1679] Built Mathlib.Algebra.Order.Group.Unbundled.Abs (3.8s)
✔ [992/1679] Built Mathlib.Data.Rat.Lemmas (2.0s)
✔ [993/1679] Built Mathlib.Algebra.Module.NatInt (2.4s)
✔ [994/1679] Built Mathlib.GroupTheory.GroupAction.Hom (17s)
✔ [995/1679] Built Mathlib.Data.Set.Image (5.4s)
✔ [996/1679] Built Mathlib.Order.Hom.BoundedLattice (4.3s)
✔ [997/1679] Built Mathlib.Algebra.Order.Group.Unbundled.Int (1.3s)
✔ [998/1679] Built Mathlib.Tactic.NormNum.Pow (3.8s)
✔ [999/1679] Built Mathlib.Algebra.Module.End (1.4s)
✔ [1000/1679] Built Mathlib.Data.Nat.Set (1.4s)
✔ [1001/1679] Built Mathlib.Data.Set.List (1.5s)
✔ [1002/1679] Built Mathlib.Algebra.Module.Torsion.Free (2.3s)
✔ [1003/1679] Built Mathlib.Data.Set.Restrict (1.9s)
✔ [1004/1679] Built Mathlib.Algebra.EuclideanDomain.Int (1.6s)
✔ [1005/1679] Built Mathlib.Order.Directed (2.5s)
✔ [1006/1679] Built Mathlib.Logic.Embedding.Set (2.5s)
✔ [1007/1679] Built Mathlib.Tactic.Abel (5.8s)
✔ [1008/1679] Built Mathlib.Order.Interval.Set.WithBotTop (2.5s)
✔ [1009/1679] Built Mathlib.Algebra.Ring.Subring.Defs (3.7s)
✔ [1010/1679] Built Mathlib.Algebra.Order.Group.Abs (3.2s)
✔ [1011/1679] Built Mathlib.Algebra.Notation.Support (2.8s)
✔ [1012/1679] Built Mathlib.Algebra.Order.Group.PosPart (3.5s)
✔ [1013/1679] Built Mathlib.Logic.Function.DependsOn (1.7s)
✔ [1014/1679] Built Mathlib.Algebra.Module.Torsion.Field (1.9s)
✔ [1015/1679] Built Mathlib.Algebra.NoZeroSMulDivisors.Defs (2.0s)
✔ [1016/1679] Built Mathlib.Order.ConditionallyCompletePartialOrder.Defs (1.5s)
✔ [1017/1679] Built Mathlib.Order.Interval.Set.LinearOrder (5.2s)
✔ [1018/1679] Built Mathlib.Data.Nat.ModEq (3.2s)
✔ [1019/1679] Built Mathlib.Algebra.GCDMonoid.Basic (8.2s)
✔ [1020/1679] Built Mathlib.Order.Hom.WithTopBot (3.9s)
✔ [1021/1679] Built Mathlib.Algebra.Group.Support (1.3s)
✔ [1022/1679] Built Mathlib.Data.Set.Prod (4.2s)
✔ [1023/1679] Built Mathlib.Algebra.Order.Ring.Unbundled.Rat (3.6s)
✔ [1024/1679] Built Mathlib.Data.Int.CharZero (1.5s)
✔ [1025/1679] Built Mathlib.Data.Multiset.MapFold (3.1s)
✔ [1026/1679] Built Mathlib.Algebra.Ring.CharZero (1.8s)
✔ [1027/1679] Built Mathlib.Algebra.Order.Hom.Basic (2.6s)
✔ [1028/1679] Built Mathlib.Algebra.GCDMonoid.Nat (2.9s)
✔ [1029/1679] Built Mathlib.Data.Int.ModEq (3.4s)
✔ [1030/1679] Built Mathlib.Data.Set.NAry (3.5s)
✔ [1031/1679] Built Mathlib.Data.Multiset.NatAntidiagonal (3.6s)
✔ [1032/1679] Built Mathlib.Data.Set.Function (5.3s)
✔ [1033/1679] Built Mathlib.Order.Bounds.Basic (7.1s)
✔ [1034/1679] Built Mathlib.Algebra.Group.Pointwise.Set.Scalar (2.5s)
✔ [1035/1679] Built Mathlib.Algebra.Order.Interval.Set.Monoid (1.4s)
✔ [1036/1679] Built Mathlib.Data.Set.Piecewise (1.4s)
✔ [1037/1679] Built Mathlib.Data.Set.Monotone (1.6s)
✔ [1038/1679] Built Mathlib.Order.WellFounded (1.0s)
✔ [1039/1679] Built Mathlib.Dynamics.FixedPoints.Basic (2.0s)
✔ [1040/1679] Built Mathlib.Data.Nat.Prime.Infinite (1.0s)
✔ [1041/1679] Built Mathlib.Order.Interval.Set.Image (2.2s)
✔ [1042/1679] Built Mathlib.Data.Multiset.Filter (2.7s)
✔ [1043/1679] Built Mathlib.Data.Set.Pairwise.Basic (2.0s)
✔ [1044/1679] Built Mathlib.Order.LatticeIntervals (2.0s)
✔ [1045/1679] Built Mathlib.Order.Bounds.Image (3.3s)
✔ [1046/1679] Built Mathlib.Order.CompleteLattice.Defs (3.4s)
✔ [1047/1679] Built Mathlib.Logic.Equiv.Set (4.8s)
✔ [1048/1679] Built Mathlib.Order.ConditionallyCompleteLattice.Defs (3.5s)
✔ [1049/1679] Built Mathlib.Algebra.Group.Action.Pi (4.1s)
✔ [1050/1679] Built Mathlib.Algebra.Notation.Indicator (5.3s)
✔ [1051/1679] Built Mathlib.Algebra.BigOperators.Group.Multiset.Defs (4.1s)
✔ [1052/1679] Built Mathlib.Algebra.Order.GroupWithZero.Basic (7.0s)
✔ [1053/1679] Built Mathlib.Order.RelIso.Set (2.7s)
✔ [1054/1679] Built Mathlib.Logic.Small.Basic (3.3s)
✔ [1055/1679] Built Mathlib.Order.Interval.Set.UnorderedInterval (5.9s)
✔ [1056/1679] Built Mathlib.Data.Multiset.UnionInter (5.6s)
✔ [1057/1679] Built Mathlib.Data.Finset.Defs (5.3s)
✔ [1058/1679] Built Mathlib.Algebra.GroupWithZero.Action.Pi (3.3s)
✔ [1059/1679] Built Mathlib.Algebra.GroupWithZero.Indicator (2.4s)
✔ [1060/1679] Built Mathlib.Order.ScottContinuity (6.1s)
✔ [1061/1679] Built Mathlib.Algebra.Order.BigOperators.GroupWithZero.List (2.6s)
✔ [1062/1679] Built Mathlib.Data.Countable.Small (1.8s)
✔ [1063/1679] Built Mathlib.Order.Minimal (8.0s)
✔ [1064/1679] Built Mathlib.Algebra.Module.Basic (3.4s)
✔ [1065/1679] Built Mathlib.Algebra.Group.Indicator (3.8s)
✔ [1066/1679] Built Mathlib.Data.Multiset.Range (2.5s)
✔ [1067/1679] Built Mathlib.Data.Finset.Attach (2.6s)
✔ [1068/1679] Built Mathlib.Data.Finset.Empty (2.6s)
✔ [1069/1679] Built Mathlib.Data.Finset.Order (2.6s)
✔ [1070/1679] Built Mathlib.Order.Interval.Set.OrderEmbedding (2.8s)
✔ [1071/1679] Built Mathlib.Data.Multiset.Dedup (2.7s)
✔ [1072/1679] Built Mathlib.Data.Finset.Erase (2.8s)
✔ [1073/1679] Built Mathlib.Algebra.Group.Pi.Lemmas (10s)
✔ [1074/1679] Built Mathlib.Algebra.Order.Nonneg.Basic (4.5s)
✔ [1075/1679] Built Mathlib.Algebra.Order.BigOperators.GroupWithZero.Multiset (2.1s)
✔ [1076/1679] Built Mathlib.Algebra.Group.Pointwise.Set.Basic (13s)
✔ [1077/1679] Built Mathlib.Order.Hom.Set (7.1s)
✔ [1078/1679] Built Mathlib.Data.Fin.SuccPred (7.1s)
✔ [1079/1679] Built Mathlib.Algebra.Order.Ring.Unbundled.Basic (5.1s)
✔ [1080/1679] Built Mathlib.Algebra.Ring.Equiv (7.3s)
✔ [1081/1679] Built Mathlib.Data.Finset.Dedup (1.7s)
✔ [1082/1679] Built Mathlib.Data.Multiset.Fold (1.7s)
✔ [1083/1679] Built Mathlib.Data.Multiset.FinsetOps (1.8s)
✔ [1084/1679] Built Mathlib.Data.Finset.Filter (1.9s)
✔ [1085/1679] Built Mathlib.Algebra.GroupWithZero.Pointwise.Set.Basic (2.0s)
✔ [1086/1679] Built Mathlib.Order.Interval.Set.OrderIso (2.7s)
✔ [1087/1679] Built Mathlib.Data.NNRat.Defs (3.2s)
✔ [1088/1679] Built Mathlib.Algebra.Ring.CompTypeclasses (2.6s)
✔ [1089/1679] Built Mathlib.Algebra.Order.Ring.Defs (2.7s)
✔ [1090/1679] Built Mathlib.Data.Fin.Embedding (3.1s)
✔ [1091/1679] Built Mathlib.Data.Fin.Rev (3.2s)
✔ [1092/1679] Built Mathlib.Order.Preorder.Chain (3.3s)
✔ [1093/1679] Built Mathlib.Algebra.Ring.Action.Group (3.6s)
✔ [1094/1679] Built Mathlib.GroupTheory.GroupAction.DomAct.Basic (4.7s)
✔ [1095/1679] Built Mathlib.Algebra.Order.Group.Multiset (4.3s)
✔ [1096/1679] Built Mathlib.Data.Vector.Basic (5.1s)
✔ [1097/1679] Built Mathlib.Algebra.EuclideanDomain.Basic (5.1s)
✔ [1098/1679] Built Mathlib.Data.Multiset.Lattice (4.5s)
✔ [1099/1679] Built Mathlib.Algebra.Order.BigOperators.Group.Multiset (4.8s)
✔ [1100/1679] Built Mathlib.Data.Finset.Lattice.Basic (4.8s)
✔ [1101/1679] Built Mathlib.Algebra.Order.Ring.InjSurj (3.3s)
✔ [1102/1679] Built Mathlib.Algebra.Order.Ring.Rat (3.9s)
✔ [1103/1679] Built Mathlib.Algebra.Order.Ring.Canonical (4.3s)
✔ [1104/1679] Built Mathlib.Order.Hom.Lex (7.2s)
✔ [1105/1679] Built Mathlib.Algebra.Field.Rat (4.4s)
✔ [1106/1679] Built Mathlib.Algebra.Ring.ULift (7.2s)
✔ [1107/1679] Built Mathlib.Data.Finset.Insert (6.6s)
✔ [1108/1679] Built Mathlib.Algebra.Order.GroupWithZero.Canonical (12s)
✔ [1109/1679] Built Mathlib.Algebra.Order.Positive.Ring (4.8s)
✔ [1110/1679] Built Mathlib.Order.Antichain (4.5s)
✔ [1111/1679] Built Mathlib.Algebra.Order.Ring.Basic (5.1s)
✔ [1112/1679] Built Mathlib.Algebra.Group.Fin.Basic (4.7s)
✔ [1113/1679] Built Mathlib.Data.Multiset.Sum (3.7s)
✔ [1114/1679] Built Mathlib.Data.Fintype.Defs (7.9s)
✔ [1115/1679] Built Mathlib.Order.Fin.Basic (5.7s)
✔ [1116/1679] Built Mathlib.Algebra.Order.Ring.Int (6.2s)
✔ [1117/1679] Built Mathlib.Data.Multiset.OrderedMonoid (4.2s)
✔ [1118/1679] Built Mathlib.Algebra.Ring.Pi (6.5s)
✔ [1119/1679] Built Mathlib.Algebra.GCDMonoid.Multiset (4.5s)
✔ [1120/1679] Built Mathlib.Order.CompleteLattice.Basic (9.8s)
✔ [1121/1679] Built Mathlib.Algebra.Order.BigOperators.Ring.List (2.8s)
✔ [1122/1679] Built Mathlib.Algebra.Module.Hom (5.8s)
✔ [1123/1679] Built Mathlib.Data.Finset.Range (3.4s)
✔ [1124/1679] Built Mathlib.Algebra.Order.Ring.Nat (3.2s)
✔ [1125/1679] Built Mathlib.Data.Rat.Cast.Defs (3.7s)
✔ [1126/1679] Built Mathlib.Data.Finset.SDiff (3.6s)
✔ [1127/1679] Built Mathlib.Data.Finset.Lattice.Lemmas (3.6s)
✔ [1128/1679] Built Mathlib.Algebra.Ring.Prod (8.2s)
✔ [1129/1679] Built Mathlib.Data.Finset.Disjoint (3.7s)
✔ [1130/1679] Built Mathlib.Algebra.BigOperators.Group.Multiset.Basic (6.1s)
✔ [1131/1679] Built Mathlib.Tactic.CancelDenoms.Core (8.3s)
✔ [1132/1679] Built Mathlib.Algebra.Order.Field.Canonical (3.6s)
✔ [1133/1679] Built Mathlib.Order.Interval.Set.OrdConnected (3.5s)
✔ [1134/1679] Built Mathlib.Algebra.CharP.Basic (4.1s)
✔ [1135/1679] Built Mathlib.Order.UpperLower.Basic (13s)
✔ [1136/1679] Built Mathlib.Tactic.FinCases (3.8s)
✔ [1137/1679] Built Mathlib.Algebra.Module.Pi (3.7s)
✔ [1138/1679] Built Mathlib.Algebra.Order.Hom.MonoidWithZero (5.4s)
✔ [1139/1679] Built Mathlib.Order.Interval.Set.Fin (4.4s)
✔ [1140/1679] Built Mathlib.Algebra.Order.BigOperators.Ring.Multiset (3.8s)
✔ [1141/1679] Built Mathlib.Data.Setoid.Basic (4.1s)
✔ [1142/1679] Built Mathlib.Order.CompleteLattice.Lemmas (4.2s)
✔ [1143/1679] Built Mathlib.Data.Nat.Cast.Order.Ring (4.1s)
✔ [1144/1679] Built Mathlib.Data.Rat.Cast.CharZero (4.2s)
✔ [1145/1679] Built Mathlib.Algebra.IsPrimePow (4.3s)
✔ [1146/1679] Built Mathlib.Data.PNat.Basic (4.4s)
✔ [1147/1679] Built Mathlib.Data.Multiset.Bind (4.6s)
✔ [1148/1679] Built Mathlib.Order.GaloisConnection.Basic (6.4s)
✔ [1149/1679] Built Mathlib.Algebra.Module.Torsion.Pi (3.3s)
✔ [1150/1679] Built Mathlib.Data.Finset.Basic (5.4s)
✔ [1151/1679] Built Mathlib.Algebra.Order.Ring.WithTop (9.6s)
✔ [1152/1679] Built Mathlib.Data.Fin.Tuple.Basic (7.0s)
✔ [1153/1679] Built Mathlib.Data.Finset.Image (6.2s)
✔ [1154/1679] Built Mathlib.Order.OmegaCompletePartialOrder (7.7s)
✔ [1155/1679] Built Mathlib.Tactic.Linarith.Lemmas (2.5s)
✔ [1156/1679] Built Mathlib.Algebra.Order.Kleene (6.5s)
✔ [1157/1679] Built Mathlib.Algebra.Order.Invertible (3.1s)
✔ [1158/1679] Built Mathlib.Algebra.Order.Ring.Cast (3.9s)
✔ [1159/1679] Built Mathlib.Tactic.NormNum.Abs (3.0s)
✔ [1160/1679] Built Mathlib.Data.Multiset.Pi (3.3s)
✔ [1161/1679] Built Mathlib.Order.Hom.Order (2.9s)
✔ [1162/1679] Built Mathlib.Data.Multiset.Sections (3.3s)
✔ [1163/1679] Built Mathlib.Order.Cover (8.1s)
✔ [1164/1679] Built Mathlib.Algebra.Order.Hom.Ring (6.3s)
✔ [1165/1679] Built Mathlib.Algebra.Order.Ring.Abs (4.5s)
✔ [1166/1679] Built Mathlib.Data.Multiset.Powerset (3.8s)
✔ [1167/1679] Built Mathlib.Data.Sym.Basic (5.8s)
✔ [1168/1679] Built Mathlib.Order.InitialSeg (7.4s)
✔ [1169/1679] Built Mathlib.Algebra.Order.Module.Defs (17s)
✔ [1170/1679] Built Mathlib.Data.Fintype.OfMap (3.7s)
✔ [1171/1679] Built Mathlib.Data.List.OfFn (4.2s)
✔ [1172/1679] Built Mathlib.Data.Finset.BooleanAlgebra (4.1s)
✔ [1173/1679] Built Mathlib.Tactic.NormNum.Inv (6.8s)
✔ [1174/1679] Built Mathlib.Data.Finset.Fold (4.6s)
✔ [1175/1679] Built Mathlib.Data.Finset.SymmDiff (4.8s)
✔ [1176/1679] Built Mathlib.GroupTheory.Congruence.Defs (6.7s)
✔ [1177/1679] Built Mathlib.Tactic.Linarith.Datatypes (6.2s)
✔ [1178/1679] Built Mathlib.Data.Multiset.Antidiagonal (4.8s)
✔ [1179/1679] Built Mathlib.Data.Fin.VecNotation (7.5s)
✔ [1180/1679] Built Mathlib.Algebra.Group.Pointwise.Set.ListOfFn (3.5s)
✔ [1181/1679] Built Mathlib.Data.List.FinRange (3.8s)
✔ [1182/1679] Built Mathlib.Algebra.Module.LinearMap.Defs (22s)
✔ [1183/1679] Built Mathlib.Algebra.Order.Nonneg.Module (5.2s)
✔ [1184/1679] Built Mathlib.Data.Fintype.Sets (3.8s)
✔ [1185/1679] Built Mathlib.Data.Finset.Piecewise (4.6s)
✔ [1186/1679] Built Mathlib.Algebra.GCDMonoid.Finset (4.8s)
✔ [1187/1679] Built Mathlib.Data.Finset.Union (5.0s)
✔ [1188/1679] Built Mathlib.Order.ModularLattice (7.4s)
✔ [1189/1679] Built Mathlib.Order.CompleteBooleanAlgebra (10s)
✔ [1190/1679] Built Mathlib.Tactic.NormNum.Eq (5.1s)
✔ [1191/1679] Built Mathlib.Tactic.Linarith.Parsing (4.0s)
✔ [1192/1679] Built Mathlib.Tactic.Linarith.Oracle.SimplexAlgorithm (4.2s)
✔ [1193/1679] Built Mathlib.Algebra.BigOperators.Ring.Multiset (3.4s)
✔ [1194/1679] Built Mathlib.Algebra.Group.Fin.Tuple (3.3s)
✔ [1195/1679] Built Mathlib.Data.Finset.Card (10s)
✔ [1196/1679] Built Mathlib.GroupTheory.Congruence.Hom (5.1s)
✔ [1197/1679] Built Mathlib.Data.List.Sort (7.1s)
✔ [1198/1679] Built Mathlib.Tactic.Positivity.Core (9.5s)
✔ [1199/1679] Built Mathlib.Logic.Equiv.Fin.Basic (4.0s)
✔ [1200/1679] Built Mathlib.Data.Set.BooleanAlgebra (1.8s)
✔ [1201/1679] Built Mathlib.Tactic.Linarith.Preprocessing (5.4s)
✔ [1202/1679] Built Mathlib.Data.Fintype.Basic (3.3s)
✔ [1203/1679] Built Mathlib.Algebra.Algebra.Defs (4.3s)
✔ [1204/1679] Built Mathlib.Algebra.Module.LinearMap.Basic (4.5s)
✔ [1205/1679] Built Mathlib.Data.Finset.Fin (1.0s)
✔ [1206/1679] Built Mathlib.Data.Finset.Option (2.2s)
✔ [1207/1679] Built Mathlib.Data.Finset.Sum (3.3s)
✔ [1208/1679] Built Mathlib.Data.Finset.Prod (3.4s)
✔ [1209/1679] Built Mathlib.Data.List.NodupEquivFin (3.1s)
✔ [1210/1679] Built Mathlib.Data.Nat.Factors (3.1s)
✔ [1211/1679] Built Mathlib.Data.Finset.Pi (3.6s)
✔ [1212/1679] Built Mathlib.Order.Closure (3.5s)
✔ [1213/1679] Built Mathlib.Data.Set.Semiring (3.5s)
✔ [1214/1679] Built Mathlib.Tactic.Linarith.Verification (4.7s)
✔ [1215/1679] Built Mathlib.Data.Fintype.Card (3.1s)
✔ [1216/1679] Built Mathlib.Algebra.Order.AbsoluteValue.Basic (4.1s)
✔ [1217/1679] Built Mathlib.Algebra.Group.TransferInstance (3.2s)
✔ [1218/1679] Built Mathlib.Data.Set.Sigma (3.9s)
✔ [1219/1679] Built Mathlib.GroupTheory.GroupAction.Defs (5.3s)
✔ [1220/1679] Built Mathlib.Tactic.NormNum.Ineq (8.1s)
✔ [1221/1679] Built Mathlib.Algebra.Group.Action.TransferInstance (3.2s)
✔ [1222/1679] Built Mathlib.Data.Set.Lattice (7.1s)
✔ [1223/1679] Built Mathlib.Algebra.BigOperators.Group.Finset.Defs (9.0s)
✔ [1224/1679] Built Mathlib.Data.Fintype.EquivFin (5.2s)
✔ [1225/1679] Built Mathlib.Order.CompleteLattice.Chain (2.1s)
✔ [1226/1679] Built Mathlib.Algebra.GroupWithZero.Action.TransferInstance (2.9s)
✔ [1227/1679] Built Mathlib.Data.Rat.BigOperators (3.1s)
✔ [1228/1679] Built Mathlib.Order.ConditionallyCompletePartialOrder.Basic (3.6s)
✔ [1229/1679] Built Mathlib.Logic.Small.Set (3.6s)
✔ [1230/1679] Built Mathlib.Order.BourbakiWitt (3.7s)
✔ [1231/1679] Built Mathlib.Algebra.CharP.Two (3.9s)
✔ [1232/1679] Built Mathlib.Data.Set.Pairwise.Lattice (4.2s)
✔ [1233/1679] Built Mathlib.Algebra.Group.Shrink (4.4s)
✔ [1234/1679] Built Mathlib.Order.Zorn (2.7s)
✔ [1235/1679] Built Mathlib.Data.Fintype.Pigeonhole (3.0s)
✔ [1236/1679] Built Mathlib.Data.Finite.Set (3.3s)
✔ [1237/1679] Built Mathlib.Tactic.NormNum.DivMod (5.9s)
✔ [1238/1679] Built Mathlib.Data.Fintype.Prod (3.4s)
✔ [1239/1679] Built Mathlib.Data.Fintype.Sum (3.5s)
✔ [1240/1679] Built Mathlib.Data.Fintype.Option (3.7s)
✔ [1241/1679] Built Mathlib.Data.Set.Finite.Range (3.7s)
✔ [1242/1679] Built Mathlib.Data.ZMod.Defs (4.2s)
✔ [1243/1679] Built Mathlib.Order.Filter.Basic (5.0s)
✔ [1244/1679] Built Mathlib.Data.Set.Lattice.Image (6.1s)
✔ [1245/1679] Built Mathlib.Data.Finset.Lattice.Fold (10s)
✔ [1246/1679] Built Mathlib.Data.Set.Finite.Basic (4.7s)
✔ [1247/1679] Built Mathlib.Order.ConditionallyCompletePartialOrder.Indexed (3.1s)
✔ [1248/1679] Built Mathlib.Algebra.Module.Equiv.Defs (17s)
✔ [1249/1679] Built Mathlib.Order.FixedPoints (3.4s)
✔ [1250/1679] Built Mathlib.Data.Nat.Pairing (1.9s)
✔ [1251/1679] Built Mathlib.Order.Filter.AtTopBot.Defs (2.0s)
✔ [1252/1679] Built Mathlib.Order.Interval.Set.Disjoint (2.9s)
✔ [1253/1679] Built Mathlib.Data.BitVec (3.2s)
✔ [1254/1679] Built Mathlib.Algebra.Group.Subsemigroup.Basic (3.1s)
✔ [1255/1679] Built Mathlib.Tactic.Ring.Common (23s)
✔ [1256/1679] Built Mathlib.Data.Finset.Lattice.Union (3.2s)
✔ [1257/1679] Built Mathlib.Algebra.Group.Pointwise.Set.Lattice (3.4s)
✔ [1258/1679] Built Mathlib.Order.Preorder.Finite (3.3s)
✔ [1259/1679] Built Mathlib.Algebra.FiniteSupport.Defs (3.2s)
✔ [1260/1679] Built Mathlib.Order.Interval.Set.Infinite (3.4s)
✔ [1261/1679] Built Mathlib.Order.Filter.Map (3.0s)
✔ [1262/1679] Built Mathlib.Logic.Equiv.Nat (2.7s)
✔ [1263/1679] Built Mathlib.Order.CompleteLattice.Finset (4.7s)
✔ [1264/1679] Built Mathlib.Order.ConditionallyCompleteLattice.Basic (7.4s)
✔ [1265/1679] Built Mathlib.Data.Fintype.Pi (4.5s)
✔ [1266/1679] Built Mathlib.Data.Finset.Lattice.Prod (4.6s)
✔ [1267/1679] Built Mathlib.Algebra.Module.Equiv.Opposite (4.2s)
✔ [1268/1679] Built Mathlib.Order.Filter.AtTopBot.Disjoint (3.1s)
✔ [1269/1679] Built Mathlib.GroupTheory.Subsemigroup.Centralizer (3.1s)
✔ [1270/1679] Built Mathlib.Algebra.Group.Action.Pointwise.Set.Basic (6.2s)
✔ [1271/1679] Built Mathlib.Data.Finset.Max (6.1s)
✔ [1272/1679] Built Mathlib.Order.Hom.CompleteLattice (6.6s)
✔ [1273/1679] Built Mathlib.Algebra.Module.ULift (6.2s)
✔ [1274/1679] Built Mathlib.Algebra.Group.Subsemigroup.MulOpposite (3.9s)
✔ [1275/1679] Built Mathlib.Algebra.Group.Subsemigroup.Membership (4.1s)
✔ [1276/1679] Built Mathlib.SetTheory.Cardinal.SchroederBernstein (6.2s)
✔ [1277/1679] Built Mathlib.Algebra.Module.TransferInstance (6.7s)
✔ [1278/1679] Built Mathlib.Algebra.Notation.FiniteSupport (4.6s)
✔ [1279/1679] Built Mathlib.Order.Filter.Tendsto (4.3s)
✔ [1280/1679] Built Mathlib.Algebra.Group.Submonoid.Basic (5.8s)
✔ [1281/1679] Built Mathlib.Algebra.Order.Group.Action (4.4s)
✔ [1282/1679] Built Mathlib.Data.Countable.Basic (4.6s)
✔ [1283/1679] Built Mathlib.Data.Finset.Powerset (6.2s)
✔ [1284/1679] Built Mathlib.Algebra.BigOperators.Group.Finset.Pi (4.9s)
✔ [1285/1679] Built Mathlib.Data.Finsupp.Defs (6.4s)
✔ [1286/1679] Built Mathlib.Order.Filter.Bases.Basic (6.1s)
✔ [1287/1679] Built Mathlib.Data.Finite.Prod (5.4s)
✔ [1288/1679] Built Mathlib.Data.Finset.Sigma (5.8s)
✔ [1289/1679] Built Mathlib.Tactic.Positivity.Basic (24s)
✔ [1290/1679] Built Mathlib.Data.DFinsupp.Defs (10s)
✔ [1291/1679] Built Mathlib.Logic.Encodable.Basic (6.1s)
✔ [1292/1679] Built Mathlib.Data.Fintype.Lattice (4.8s)
✔ [1293/1679] Built Mathlib.Algebra.Ring.Submonoid.Basic (2.3s)
✔ [1294/1679] Built Mathlib.Algebra.Group.Subsemigroup.Operations (8.3s)
✔ [1295/1679] Built Mathlib.Algebra.GroupWithZero.Action.Pointwise.Set (5.5s)
✔ [1296/1679] Built Mathlib.Algebra.Module.Shrink (4.3s)
✔ [1297/1679] Built Mathlib.Order.Filter.AtTopBot.Tendsto (3.6s)
✔ [1298/1679] Built Mathlib.Data.Fintype.List (2.5s)
✔ [1299/1679] Built Mathlib.Order.CompleteLatticeIntervals (7.5s)
✔ [1300/1679] Built Mathlib.Order.ConditionallyCompleteLattice.Indexed (7.5s)
✔ [1301/1679] Built Mathlib.Algebra.BigOperators.Group.Finset.Basic (18s)
✔ [1302/1679] Built Mathlib.Data.Set.Finite.Powerset (3.1s)
✔ [1303/1679] Built Mathlib.Algebra.Group.Submonoid.MulOpposite (3.9s)
✔ [1304/1679] Built Mathlib.Data.Fintype.Powerset (3.2s)
✔ [1305/1679] Built Mathlib.Data.Fintype.Vector (2.9s)
✔ [1306/1679] Built Mathlib.Data.Finsupp.Single (4.6s)
✔ [1307/1679] Built Mathlib.Algebra.Group.Pointwise.Set.Finite (4.6s)
✔ [1308/1679] Built Mathlib.Data.Finset.Preimage (4.5s)
✔ [1309/1679] Built Mathlib.Data.Finset.NAry (4.9s)
✔ [1310/1679] Built Mathlib.Logic.Denumerable (4.6s)
✔ [1311/1679] Built Mathlib.Data.DFinsupp.Module (4.0s)
✔ [1312/1679] Built Mathlib.Algebra.Module.LinearMap.End (10s)
✔ [1313/1679] Built Mathlib.Algebra.BigOperators.GroupWithZero.Finset (3.0s)
✔ [1314/1679] Built Mathlib.Algebra.BigOperators.Group.Finset.Lemmas (4.1s)
✔ [1315/1679] Built Mathlib.Algebra.Order.Nonneg.Lattice (4.5s)
✔ [1316/1679] Built Mathlib.Order.SuccPred.Basic (11s)
✔ [1317/1679] Built Mathlib.Data.Fintype.Sigma (6.3s)
✔ [1318/1679] Built Mathlib.Algebra.BigOperators.Option (4.2s)
✔ [1319/1679] Built Mathlib.Data.Set.Finite.Lemmas (4.3s)
✔ [1320/1679] Built Mathlib.Tactic.Ring.Basic (13s)
✔ [1321/1679] Built Mathlib.Algebra.Order.Group.Indicator (4.9s)
✔ [1322/1679] Built Mathlib.Algebra.BigOperators.Group.Finset.Sigma (4.9s)
✔ [1323/1679] Built Mathlib.Algebra.Group.Subgroup.MulOpposite (4.8s)
✔ [1324/1679] Built Mathlib.Order.Filter.AtTopBot.Basic (5.8s)
✔ [1325/1679] Built Mathlib.Data.Finsupp.Indicator (3.9s)
✔ [1326/1679] Built Mathlib.Algebra.BigOperators.Group.Finset.Preimage (3.7s)
✔ [1327/1679] Built Mathlib.Order.SupIndep (6.8s)
✔ [1328/1679] Built Mathlib.Data.Finset.NoncommProd (6.6s)
✔ [1329/1679] Built Mathlib.Data.List.Cycle (7.2s)
✔ [1330/1679] Built Mathlib.Data.Finite.Sigma (2.6s)
✔ [1331/1679] Built Mathlib.Logic.Equiv.List (4.2s)
✔ [1332/1679] Built Mathlib.Order.SuccPred.WithBot (3.1s)
✔ [1333/1679] Built Mathlib.Order.Interval.Set.SuccPred (3.1s)
✔ [1334/1679] Built Mathlib.Tactic.Ring.PNat (2.6s)
✔ [1335/1679] Built Mathlib.Data.Set.Finite.Lattice (7.5s)
✔ [1336/1679] Built AeneasMeta.Async.Test (152s)
✔ [1337/1679] Built Mathlib.Algebra.BigOperators.Group.Finset.Piecewise (8.1s)
✔ [1338/1679] Built Mathlib.Algebra.Order.Nonneg.Ring (4.4s)
✔ [1339/1679] Built Mathlib.Algebra.Group.Finsupp (6.0s)
✔ [1340/1679] Built Mathlib.Order.SuccPred.Archimedean (4.9s)
✔ [1341/1679] Built Mathlib.GroupTheory.Coset.Defs (4.3s)
✔ [1342/1679] Built Mathlib.Tactic.Ring.RingNF (5.2s)
✔ [1346/1679] Built Mathlib.Data.Set.Countable (4.2s)
✔ [1347/1679] Built Mathlib.Algebra.Group.Submonoid.BigOperators (4.4s)
✔ [1348/1679] Built Mathlib.Data.Nat.PrimeFin (3.6s)
✔ [1349/1679] Built AeneasMeta.Async (3.7s)
✔ [1350/1679] Built Mathlib.Algebra.Group.Submonoid.Operations (16s)
✔ [1351/1679] Built Mathlib.Dynamics.PeriodicPts.Defs (5.6s)
✔ [1352/1679] Built Mathlib.Data.Fintype.BigOperators (4.6s)
✔ [1353/1679] Built Mathlib.Order.ConditionallyCompleteLattice.Finset (5.2s)
✔ [1354/1679] Built Mathlib.Algebra.FiniteSupport.Basic (5.3s)
✔ [1355/1679] Built Mathlib.Data.Finsupp.Ext (4.2s)
✔ [1356/1679] Built Mathlib.Algebra.Group.Pointwise.Set.BigOperators (5.2s)
✔ [1357/1679] Built Mathlib.Data.Finsupp.SMulWithZero (4.4s)
✔ [1358/1679] Built Mathlib.Algebra.BigOperators.Ring.Finset (5.3s)
✔ [1359/1679] Built Mathlib.Tactic.Ring (4.1s)
✔ [1360/1679] Built Mathlib.Tactic.Linarith.Frontend (9.5s)
✔ [1361/1679] Built Mathlib.Algebra.BigOperators.Pi (6.2s)
✔ [1362/1679] Built Mathlib.Algebra.Order.BigOperators.Group.Finset (9.6s)
✔ [1363/1679] Built Mathlib.Order.Atoms (10s)
✔ [1364/1679] Built Mathlib.Algebra.Order.Nonneg.Field (6.0s)
✔ [1365/1679] Built Mathlib.RingTheory.UniqueFactorizationDomain.Defs (4.1s)
✔ [1366/1679] Built Mathlib.Order.Interval.Finset.Defs (13s)
✔ [1367/1679] Built Mathlib.Algebra.Group.Submonoid.Finite (3.7s)
✔ [1368/1679] Built Mathlib.Algebra.Order.Field.Rat (1.9s)
✔ [1369/1679] Built Mathlib.GroupTheory.Submonoid.Center (4.5s)
✔ [1370/1679] Built Mathlib.Algebra.Group.Pointwise.Finset.Basic (14s)
✔ [1371/1679] Built Mathlib.Algebra.Order.BigOperators.GroupWithZero.Finset (3.2s)
✔ [1372/1679] Built Aeneas.Data.Range.MulRange.Lemmas (7.3s)
✔ [1373/1679] Built Mathlib.Data.Rat.Cast.Lemmas (2.7s)
✔ [1374/1679] Built Mathlib.Data.Fintype.Order (2.8s)
✔ [1375/1679] Built Mathlib.Order.SuccPred.Limit (8.6s)
✔ [1376/1679] Built Mathlib.RingTheory.Coprime.Basic (3.7s)
✔ [1377/1679] Built Mathlib.Algebra.Order.Interval.Finset.Basic (2.4s)
✔ [1378/1679] Built Mathlib.Algebra.Order.Antidiag.Prod (2.6s)
✔ [1379/1679] Built Mathlib.GroupTheory.Submonoid.Centralizer (2.0s)
✔ [1380/1679] Built Mathlib.Order.Interval.Finset.SuccPred (3.4s)
✔ [1381/1679] Built Mathlib.Tactic.NormNum.OfScientific (2.5s)
✔ [1382/1679] Built Mathlib.Order.SuccPred.LinearLocallyFinite (4.1s)
✔ [1383/1679] Built Mathlib.Order.SupClosed (8.0s)
✔ [1384/1679] Built Mathlib.Algebra.Group.Submonoid.Membership (8.7s)
✔ [1385/1679] Built Mathlib.Algebra.Order.SuccPred (3.9s)
✔ [1386/1679] Built Mathlib.Order.SuccPred.CompleteLinearOrder (3.9s)
✔ [1387/1679] Built Mathlib.Algebra.Group.Subgroup.Lattice (9.3s)
✔ [1388/1679] Built Mathlib.RingTheory.Coprime.Lemmas (4.7s)
✔ [1389/1679] Built Mathlib.Data.Finset.NatAntidiagonal (4.1s)
✔ [1390/1679] Built Mathlib.Data.Rat.Cast.Order (6.3s)
✔ [1391/1679] Built Mathlib.Order.Interval.Finset.Basic (7.6s)
✔ [1392/1679] Built Mathlib.Algebra.BigOperators.Finsupp.Basic (9.6s)
✔ [1393/1679] Built Mathlib.Data.Nat.SuccPred (2.8s)
✔ [1394/1679] Built Mathlib.Algebra.Order.BigOperators.Ring.Finset (7.3s)
✔ [1395/1679] Built Mathlib.Tactic.NormNum (2.6s)
✔ [1396/1679] Built Mathlib.Algebra.Order.Interval.Finset.SuccPred (3.8s)
✔ [1397/1679] Built Mathlib.Algebra.GroupWithZero.NonZeroDivisors (4.6s)
✔ [1398/1679] Built Mathlib.Algebra.BigOperators.NatAntidiagonal (3.3s)
✔ [1399/1679] Built Mathlib.SetTheory.Cardinal.Order (4.3s)
✔ [1400/1679] Built Mathlib.Order.Interval.Multiset (2.7s)
✔ [1401/1679] Built Mathlib.Tactic.Linarith (1.3s)
✔ [1403/1679] Built Mathlib.RingTheory.NonUnitalSubsemiring.Basic (6.2s)
✔ [1404/1679] Built Mathlib.Algebra.Module.Equiv.Basic (24s)
✔ [1405/1679] Built Mathlib.Algebra.Ring.NonZeroDivisors (1.7s)
✔ [1406/1679] Built Mathlib.Data.ENat.Basic (3.0s)
✔ [1407/1679] Built Mathlib.Algebra.Group.Subgroup.Map (6.7s)
✔ [1408/1679] Built Mathlib.Order.Interval.Finset.Nat (2.5s)
✔ [1409/1679] Built Mathlib.SetTheory.Cardinal.Basic (5.4s)
✔ [1410/1679] Built Mathlib.Algebra.Group.Subgroup.ZPowers.Basic (4.0s)
✔ [1411/1679] Built Mathlib.Order.Lattice.Nat (4.4s)
✔ [1412/1679] Built Mathlib.Data.ENat.Pow (6.2s)
✔ [1413/1679] Built Mathlib.Order.PartialSups (6.5s)
✔ [1414/1679] Built Mathlib.Order.Interval.Finset.Fin (6.6s)
✔ [1415/1679] Built Mathlib.Dynamics.PeriodicPts.Lemmas (3.1s)
✔ [1416/1679] Built Mathlib.Algebra.Ring.Subsemiring.Basic (9.2s)
✔ [1417/1679] Built Mathlib.Order.OrderIsoNat (3.4s)
✔ [1418/1679] Built Mathlib.SetTheory.Cardinal.ENat (5.3s)
✔ [1419/1679] Built Aeneas.Tactic.Solver.ScalarTac.ScalarTac (10s)
✔ [1420/1679] Built Mathlib.GroupTheory.GroupAction.Basic (8.6s)
✔ [1421/1679] Built Mathlib.Algebra.Group.Subgroup.Ker (9.3s)
✔ [1422/1679] Built Mathlib.Order.Disjointed (2.4s)
✔ [1423/1679] Built Mathlib.Order.WellQuasiOrder (1.8s)
✔ [1424/1679] Built Mathlib.SetTheory.Cardinal.ToNat (1.9s)
✔ [1425/1679] Built Mathlib.Data.Finsupp.Basic (14s)
✔ [1426/1679] Built Aeneas.Data.Fin (2.3s)
✔ [1427/1679] Built Aeneas.Data.Range.Notations (2.3s)
✔ [1428/1679] Built Mathlib.Algebra.BigOperators.Finprod (15s)
✔ [1429/1679] Built Mathlib.Order.CompactlyGenerated.Basic (5.2s)
✔ [1430/1679] Built Mathlib.Algebra.Order.BigOperators.Group.LocallyFinite (4.9s)
✔ [1431/1679] Built Mathlib.Data.Finsupp.SMul (5.2s)
✔ [1432/1679] Built Mathlib.Data.Finsupp.Option (5.2s)
✔ [1433/1679] Built Mathlib.SetTheory.Cardinal.Finite (5.4s)
✔ [1434/1679] Built Mathlib.Algebra.BigOperators.GroupWithZero.Action (4.0s)
✔ [1435/1679] Built Aeneas.Data.Range.DivRange.Notations (5.3s)
✔ [1436/1679] Built Aeneas.Data.Range.SRRange.Notations (5.3s)
✔ [1437/1679] Built Aeneas.Tactic.Solver.ScalarTac.CondSimpTac (8.0s)
✔ [1438/1679] Built Aeneas.Data.Range.MulRange.Notations (5.7s)
✔ [1439/1679] Built Mathlib.Algebra.Group.Graph (7.3s)
✔ [1440/1679] Built Mathlib.NumberTheory.Divisors (16s)
✔ [1441/1679] Built Mathlib.Order.WellFoundedSet (7.2s)
✔ [1442/1679] Built Mathlib.GroupTheory.QuotientGroup.Defs (7.8s)
✔ [1443/1679] Built Mathlib.Algebra.GroupWithZero.Units.Fintype (2.0s)
✔ [1444/1679] Built Mathlib.SetTheory.Cardinal.NatCard (2.1s)
✔ [1445/1679] Built Mathlib.Algebra.Module.BigOperators (1.0s)
✔ [1446/1679] Built Aeneas.Data.Range.DivRange (2.1s)
✔ [1447/1679] Built Aeneas.Data.Range.MulRange (2.2s)
✔ [1448/1679] Built Mathlib.Algebra.Group.Subgroup.Basic (9.8s)
✔ [1449/1679] Built Aeneas.Tactic.Simp.SimpLists.SimpLists (2.7s)
✔ [1450/1679] Built Aeneas.Tactic.Simp.SimpIfs.SimpIfs (2.7s)
✔ [1451/1679] Built Aeneas.Tactic.Simp.SimpScalar.SimpScalar (3.0s)
✔ [1452/1679] Built Mathlib.Algebra.BigOperators.Intervals (6.8s)
✔ [1453/1679] Built Mathlib.Algebra.Group.Submonoid.Pointwise (4.4s)
✔ [1454/1679] Built Mathlib.GroupTheory.FreeGroup.Basic (12s)
✔ [1455/1679] Built Mathlib.LinearAlgebra.Finsupp.Defs (8.0s)
✔ [1456/1679] Built Mathlib.GroupTheory.Subgroup.Center (4.8s)
✔ [1457/1679] Built Mathlib.Data.Set.Card (8.3s)
✔ [1458/1679] Built Mathlib.Algebra.Group.Subgroup.MulOppositeLemmas (5.1s)
✔ [1459/1679] Built Aeneas.Tactic.Simp.SimpIfs (5.1s)
✔ [1460/1679] Built Aeneas.Tactic.Simp.SimpBoolProp (5.4s)
✔ [1461/1679] Built Aeneas.Std.Scalar.Core (16s)
✔ [1462/1679] Built Mathlib.Algebra.Group.Subgroup.Finite (6.2s)
✔ [1463/1679] Built Mathlib.Algebra.GroupWithZero.Submonoid.Pointwise (3.8s)
✔ [1464/1679] Built Mathlib.Algebra.Ring.Submonoid.Pointwise (4.2s)
✔ [1465/1679] Built Mathlib.Data.Nat.Choose.Sum (4.7s)
✔ [1466/1679] Built Mathlib.Algebra.Group.Subgroup.Actions (2.4s)
✔ [1467/1679] Built Mathlib.GroupTheory.Subgroup.Centralizer (3.1s)
✔ [1468/1679] Built Aeneas.Std.Scalar.BvComp (2.4s)
✔ [1469/1679] Built Aeneas.Std.Scalar.Pow (2.4s)
✔ [1470/1679] Built Aeneas.Std.Scalar.SaturatingOps (2.4s)
✔ [1471/1679] Built Mathlib.RingTheory.NonUnitalSubring.Basic (8.2s)
✔ [1472/1679] Built Aeneas.Std.Scalar.CloneCopy (2.5s)
✔ [1473/1679] Built Aeneas.Std.RawPtr (2.5s)
✔ [1474/1679] Built Aeneas.Tactic.Simp.SimpScalar.Lemmas (7.9s)
✔ [1475/1679] Built Aeneas.Std.Scalar.LeadingZeros (2.6s)
✔ [1476/1679] Built Mathlib.GroupTheory.Coset.Basic (8.4s)
✔ [1477/1679] Built Aeneas.Std.Scalar.Rotate (2.6s)
✔ [1478/1679] Built Aeneas.Std.SliceDef (3.2s)
✔ [1479/1679] Built Aeneas.Std.Scalar.WrappingOps.Shl (3.2s)
✔ [1480/1679] Built Aeneas.Std.Scalar.WrappingOps.Add (3.5s)
✔ [1481/1679] Built Aeneas.Std.Scalar.WrappingOps.Mul (3.5s)
✔ [1482/1679] Built Aeneas.Std.Scalar.WrappingOps.Shr (3.5s)
✔ [1483/1679] Built Aeneas.Std.Scalar.WrappingOps.Sub (3.8s)
✔ [1484/1679] Built Aeneas.Std.Scalar.EqOrd (4.7s)
✔ [1485/1679] Built Mathlib.GroupTheory.GroupAction.ConjAct (4.3s)
✔ [1486/1679] Built Aeneas.Std.Core.Ptr (4.7s)
✔ [1487/1679] Built Aeneas.Std.StringDef (4.1s)
✔ [1488/1679] Built Aeneas.Std.Scalar.WrappingOps (3.8s)
✔ [1489/1679] Built Aeneas.Tactic.Simp.SimpScalar.Tests (5.7s)
✔ [1490/1679] Built Mathlib.GroupTheory.Coset.Card (5.9s)
✔ [1491/1679] Built Aeneas.Tactic.Simp.SimpScalar (1.5s)
✔ [1492/1679] Built Mathlib.Algebra.Group.Subgroup.Pointwise (3.0s)
✔ [1493/1679] Built Mathlib.GroupTheory.GroupAction.SubMulAction (9.1s)
✔ [1494/1679] Built Mathlib.GroupTheory.Commutator.Basic (8.5s)
✔ [1495/1679] Built Mathlib.Algebra.GroupWithZero.Subgroup (3.2s)
✔ [1496/1679] Built Mathlib.Algebra.Ring.Subring.Basic (11s)
✔ [1497/1679] Built Mathlib.GroupTheory.GroupAction.SubMulAction.Pointwise (3.6s)
✔ [1498/1679] Built Mathlib.Algebra.Module.Submodule.Defs (4.9s)
✔ [1499/1679] Built Mathlib.GroupTheory.Finiteness (5.8s)
✔ [1500/1679] Built Mathlib.GroupTheory.GroupAction.Quotient (5.8s)
✔ [1501/1679] Built Mathlib.RingTheory.Ideal.Defs (1.4s)
✔ [1502/1679] Built Mathlib.Algebra.Module.Submodule.Basic (1.5s)
✔ [1503/1679] Built Mathlib.GroupTheory.QuotientGroup.Basic (7.2s)
✔ [1504/1679] Built Mathlib.LinearAlgebra.Quotient.Defs (2.1s)
✔ [1505/1679] Built Mathlib.Algebra.Module.Submodule.LinearMap (2.3s)
✔ [1506/1679] Built Mathlib.Algebra.Module.Submodule.Lattice (4.2s)
✔ [1507/1679] Built Mathlib.RingTheory.Ideal.Lattice (2.7s)
✔ [1508/1679] Built Mathlib.Algebra.Module.Submodule.RestrictScalars (3.2s)
✔ [1509/1679] Built Mathlib.RingTheory.Ideal.Prime (1.4s)
✔ [1510/1679] Built Mathlib.LinearAlgebra.Finsupp.LSum (6.1s)
✔ [1511/1679] Built Mathlib.LinearAlgebra.Span.Defs (4.8s)
✔ [1512/1679] Built Mathlib.Algebra.Module.Submodule.Map (7.3s)
✔ [1513/1679] Built Mathlib.GroupTheory.Index (9.7s)
✔ [1514/1679] Built Mathlib.Algebra.Module.Submodule.Ker (2.8s)
✔ [1515/1679] Built Mathlib.Algebra.Module.Submodule.EqLocus (1.1s)
✔ [1516/1679] Built Mathlib.Algebra.Module.Submodule.Range (4.2s)
✔ [1517/1679] Built Mathlib.Algebra.Algebra.Basic (5.7s)
✔ [1518/1679] Built Mathlib.LinearAlgebra.Finsupp.Supported (2.0s)
✔ [1519/1679] Built Mathlib.Algebra.Module.Submodule.Pointwise (3.5s)
✔ [1520/1679] Built Mathlib.Algebra.Module.Submodule.Equiv (3.7s)
✔ [1521/1679] Built Mathlib.Algebra.Algebra.Hom (2.8s)
✔ [1522/1679] Built Mathlib.Algebra.Module.Submodule.Finsupp (1.7s)
✔ [1523/1679] Built Mathlib.LinearAlgebra.Finsupp.LinearCombination (6.1s)
✔ [1524/1679] Built Mathlib.LinearAlgebra.Span.Basic (6.2s)
✔ [1525/1679] Built Mathlib.GroupTheory.OrderOfElement (16s)
✔ [1526/1679] Built Mathlib.RingTheory.Ideal.Span (1.7s)
✔ [1527/1679] Built Mathlib.Algebra.Algebra.NonUnitalHom (9.0s)
✔ [1528/1679] Built Mathlib.Data.ZMod.Basic (5.5s)
✔ [1529/1679] Built Mathlib.Algebra.Algebra.Equiv (11s)
✔ [1530/1679] Built Mathlib.RingTheory.Ideal.Maximal (4.5s)
✔ [1531/1679] Built Mathlib.Algebra.Algebra.ZMod (2.1s)
✔ [1532/1679] Built Mathlib.RingTheory.Ideal.Nonunits (1.6s)
✔ [1533/1679] Built Mathlib.Algebra.Algebra.Prod (2.3s)
✔ [1534/1679] Built Mathlib.RingTheory.Ideal.Basic (1.0s)
✔ [1535/1679] Built Mathlib.Algebra.Algebra.Opposite (3.2s)
✔ [1536/1679] Built Mathlib.Algebra.Algebra.Tower (3.6s)
✔ [1537/1679] Built Mathlib.LinearAlgebra.BilinearMap (19s)
✔ [1538/1679] Built Aeneas.Tactic.Simproc.ReduceZMod.ReduceZMod (6.6s)
✔ [1539/1679] Built Mathlib.Tactic.Algebraize (5.7s)
✔ [1540/1679] Built Mathlib.Algebra.Module.Submodule.Bilinear (2.5s)
✔ [1541/1679] Built Aeneas.Tactic.Simproc.ReduceZMod (1.5s)
✔ [1542/1679] Built Mathlib.RingTheory.Finiteness.Defs (1.5s)
✔ [1543/1679] Built Mathlib.LinearAlgebra.Prod (8.7s)
✔ [1544/1679] Built Aeneas.Tactic.Solver.ScalarTac.Lemmas (5.2s)
✔ [1545/1679] Built Aeneas.Tactic.Solver.Grind.Tests (2.8s)
✔ [1546/1679] Built Mathlib.LinearAlgebra.TensorProduct.Defs (8.7s)
✔ [1547/1679] Built Mathlib.LinearAlgebra.Pi (7.6s)
✔ [1548/1679] Built Mathlib.RingTheory.Finiteness.Basic (2.4s)
✔ [1549/1679] Built Mathlib.RingTheory.Noetherian.Defs (1.2s)
✔ [1550/1679] Built Aeneas.Tactic.Solver.ScalarTac.Tests (9.6s)
✔ [1551/1679] Built Mathlib.LinearAlgebra.TensorProduct.Basic (5.5s)
✔ [1552/1679] Built Mathlib.LinearAlgebra.TensorProduct.Map (8.6s)
✔ [1553/1679] Built Mathlib.Algebra.Algebra.Bilinear (2.7s)
✔ [1554/1679] Built Mathlib.Algebra.Algebra.Operations (5.1s)
✔ [1555/1679] Built Mathlib.RingTheory.Ideal.Operations (4.9s)
✔ [1556/1679] Built Mathlib.RingTheory.UniqueFactorizationDomain.Ideal (979ms)
✔ [1557/1679] Built Mathlib.RingTheory.Noetherian.UniqueFactorizationDomain (959ms)
✔ [1558/1679] Built Mathlib.RingTheory.Ideal.Maps (4.5s)
✔ [1559/1679] Built Mathlib.RingTheory.Ideal.Prod (1.3s)
✔ [1560/1679] Built Mathlib.RingTheory.PrincipalIdealDomain (1.8s)
✔ [1561/1679] Built Mathlib.RingTheory.Int.Basic (1.1s)
✔ [1562/1679] Built Aeneas.Tactic.Solver.Arith.Lemmas (3.1s)
✔ [1563/1679] Built Aeneas.Tactic.Solver.ScalarTac (1.3s)
✔ [1564/1679] Built Aeneas.Tactic.Solver.Arith (1.4s)
✔ [1565/1679] Built Aeneas.Tactic.Conv.Zify (1.5s)
✔ [1566/1679] Built Aeneas.Tactic.Conv.Natify.Natify (1.6s)
✔ [1567/1679] Built Aeneas.Tactic.Conv.ZModify.ZModify (2.0s)
✔ [1568/1679] Built Aeneas.Std.Range (1.7s)
✔ [1569/1679] Built Aeneas.Tactic.Conv.Natify (1.7s)
✔ [1570/1679] Built Aeneas.Tactic.Solver.ScalarDecrTac (2.3s)
✔ [1571/1679] Built Aeneas.Tactic.Conv.ZModify (1.8s)
✔ [1572/1679] Built Aeneas.Tactic.Step.GrindState (2.7s)
✔ [1573/1679] Built Aeneas.Std.Scalar.Misc (2.8s)
✔ [1574/1679] Built Aeneas.Std.Scalar.Bitwise (2.9s)
✔ [1575/1679] Built Aeneas.Std.Scalar.Casts (3.3s)
✔ [1576/1679] Built Aeneas.Std.Scalar.Ops.Neg (2.3s)
✔ [1577/1679] Built Aeneas.Std.Scalar.Ops.Rem (2.7s)
✔ [1578/1679] Built Aeneas.Std.Scalar.Ops.Add (2.9s)
✔ [1579/1679] Built Aeneas.Std.Scalar.Ops.Mul (3.0s)
✔ [1580/1679] Built Aeneas.Std.Scalar.Ops.Sub (3.0s)
✔ [1581/1679] Built Aeneas.Data.List.List (6.6s)
✔ [1582/1679] Built Aeneas.Std.Scalar.Ops.Div (4.8s)
✔ [1583/1679] Built Aeneas.Std.Scalar.CheckedOps.Rem (2.2s)
✔ [1584/1679] Built Aeneas.Std.Scalar.CheckedOps.Mul (2.4s)
✔ [1585/1679] Built Aeneas.Data.List (1.8s)
✔ [1586/1679] Built Aeneas.Std.Scalar.CheckedOps.Add (2.7s)
✔ [1587/1679] Built Aeneas.Std.Scalar.CheckedOps.Sub (2.7s)
✔ [1588/1679] Built Aeneas.Std.Scalar.Notations (3.0s)
✔ [1589/1679] Built Aeneas.Std.Scalar.Ops (1.7s)
✔ [1590/1679] Built Aeneas.Data.Range.SRRange.Lemmas (2.7s)
✔ [1591/1679] Built Aeneas.Std.Array.Core (3.1s)
✔ [1592/1679] Built Aeneas.Std.Scalar.CheckedOps.Div (2.4s)
✔ [1593/1679] Built Aeneas.Std.Scalar.Default (1.0s)
✔ [1594/1679] Built Aeneas.Data.Array (2.5s)
✔ [1595/1679] Built Aeneas.Data.Range.SRRange (1.9s)
✔ [1596/1679] Built Aeneas.Std.Scalar.OverflowingOps.Mul (2.0s)
✔ [1597/1679] Built Aeneas.Data.Discriminant (3.1s)
✔ [1598/1679] Built Aeneas.Std.Scalar.CheckedOps (1.0s)
✔ [1599/1679] Built Aeneas.Std.Scalar.OverflowingOps.Div (3.0s)
✔ [1600/1679] Built Aeneas.Std.Scalar.OverflowingOps.Sub (4.2s)
✔ [1601/1679] Built Aeneas.Data.Range (1.8s)
✔ [1602/1679] Built Aeneas.Std.Array.Array (3.5s)
✔ [1603/1679] Built Aeneas.Data.BitVec (4.9s)
✔ [1604/1679] Built Aeneas.Data.Vector (2.7s)
✔ [1605/1679] Built Aeneas.Std.Core.Fmt (1.8s)
✔ [1606/1679] Built Aeneas.Std.Scalar.OverflowingOps.Add (6.3s)
✔ [1607/1679] Built Aeneas.Data (1.6s)
✔ [1608/1679] Built Aeneas.Std.Core.Iter (3.7s)
✔ [1609/1679] Built Aeneas.Std.Slice (6.1s)
✔ [1610/1679] Built Aeneas.Std.Std.Io (1.5s)
✔ [1611/1679] Built Aeneas.Std.Array.ArrayDebug (1.7s)
✔ [1612/1679] Built Aeneas.Std.Scalar.Display (1.7s)
✔ [1613/1679] Built Aeneas.Std.Scalar.Fmt (1.8s)
✔ [1614/1679] Built Aeneas.Std.Scalar.OverflowingOps (1.7s)
✔ [1615/1679] Built Aeneas.Std.Core.Error (1.7s)
✔ [1616/1679] Built Aeneas.Std.Scalar.CoreConvertNum (3.6s)
✔ [1617/1679] Built Aeneas.Std.Core.Hash (1.6s)
✔ [1618/1679] Built Aeneas.Tactic.Setup (1.7s)
✔ [1619/1679] Built Aeneas.Std.Std (1.5s)
✔ [1620/1679] Built Aeneas.Std.Scalar (1.5s)
✔ [1621/1679] Built Aeneas.Std.SliceIter (2.5s)
✔ [1622/1679] Built Aeneas.Std.Array.ArraySlice (2.0s)
✔ [1623/1679] Built Aeneas.Std.Core.Discriminant (1.6s)
✔ [1624/1679] Built Aeneas.Std.Target (1.6s)
✔ [1625/1679] Built Aeneas.Std.String (1.8s)
✔ [1626/1679] Built Aeneas.Std.Array (1.5s)
✔ [1627/1679] Built Aeneas.Std.Core.FmtWithSlice (1.6s)
✔ [1628/1679] Built Aeneas.Std.RangeIter (3.4s)
✔ [1629/1679] Built Aeneas.Std.Core.CoreOption (1.7s)
✔ [1630/1679] Built Aeneas.Std.StringIter (1.7s)
✔ [1631/1679] Built Aeneas.Std.Vec (3.7s)
✔ [1632/1679] Built Aeneas.Std.Core (1.4s)
✔ [1633/1679] Built Aeneas.Std.VecIter (1.6s)
✔ [1634/1679] Built Aeneas.Tactic.Conv.Bvify.Bvify (6.1s)
✔ [1635/1679] Built Aeneas.Std (1.4s)
✔ [1636/1679] Built Aeneas.Tactic.Conv.Bvify.Lemmas (2.2s)
✔ [1637/1679] Built Aeneas.Tactic.Conv.Bvify.Tests (1.6s)
✔ [1638/1679] Built Aeneas.Tactic.Conv.Bvify (1.4s)
✔ [1639/1679] Built Aeneas.Do.Elab (3.6s)
✔ [1640/1679] Built Aeneas.Tactic.Conv (1.4s)
✔ [1641/1679] Built Aeneas.Tactic.Simp.SimpLists.Tests (4.9s)
✔ [1642/1679] Built Aeneas.Do.Delab (2.3s)
✔ [1643/1679] Built Aeneas.Tactic.Simp.SimpLists (1.4s)
✔ [1644/1679] Built Aeneas.Command.Decompose.TestsRec (1.7s)
✔ [1645/1679] Built Aeneas.Tactic.Simp.SimpListsScalar (1.7s)
✔ [1646/1679] Built Aeneas.Do.Tests (2.3s)
✔ [1647/1679] Built Aeneas.Tactic.Solver.BvTac.BvTac (6.0s)
✔ [1648/1679] Built Aeneas.Tactic.Simp (1.4s)
✔ [1649/1679] Built Aeneas.Do (1.5s)
✔ [1650/1679] Built Aeneas.Tactic.Simproc.BvSimprocs (1.0s)
✔ [1651/1679] Built Aeneas.Tactic.Solver.BvTac.Lemmas (2.0s)
✔ [1652/1679] Built Aeneas.Command.Decompose.Tests (5.3s)
✔ [1653/1679] Built Aeneas.Command.Decompose.TestsBig (6.0s)
✔ [1654/1679] Built Aeneas.Tactic.Simproc (1.4s)
✔ [1655/1679] Built Aeneas.Tactic.Solver.BvTac.Tests (3.3s)
✔ [1656/1679] Built Aeneas.Tactic.Solver.BvTac (1.4s)
✔ [1657/1679] Built Aeneas.Command (1.5s)
✔ [1658/1679] Built Aeneas.Tactic.Solver (1.4s)
✔ [1659/1679] Built Aeneas.Tactic.Step.Step (27s)
✔ [1660/1679] Built Aeneas.Tactic.Step.StepArraySpec (2.6s)
✔ [1661/1679] Built Aeneas.Tactic.Step.DspecInduction (3.0s)
✔ [1662/1679] Built Aeneas.Tactic.Step.StepStar (12s)
✔ [1663/1679] Built Aeneas.Tactic.Step.Deprecated (2.0s)
✔ [1664/1679] Built Aeneas.Tactic.Step (1.4s)
✔ [1665/1679] Built Aeneas.Tactic.Step.Tests.MaxRecDepthMetavar (1.6s)
✔ [1666/1679] Built Aeneas.Tactic.Step.Tests.SpecParameters (1.7s)
✔ [1667/1679] Built Aeneas.Tactic.Step.Tests.MvcgenSpec (1.9s)
✔ [1668/1679] Built Aeneas.Tactic.Step.Tests.UncurryBind (1.9s)
✔ [1669/1679] Built Aeneas.Tactic.Step.Tests.TupleDestruct (2.1s)
✔ [1670/1679] Built Aeneas.Tactic.Step.Tests.Coin (2.7s)
✔ [1671/1679] Built Aeneas.Tactic.Step.Tests.Triple (2.8s)
✔ [1672/1679] Built Aeneas.Tactic.Step.Tests.IntroOutputs (4.2s)
✔ [1673/1679] Built Aeneas.Tactic.Step.Tests.HigherOrder (4.9s)
✔ [1674/1679] Built Aeneas.Tactic.Step.Tests (1.3s)
✔ [1675/1679] Built Aeneas.Tactic.Tests (1.4s)
✔ [1676/1679] Built Aeneas.Tactic (1.4s)
✔ [1677/1679] Built Aeneas (1.5s)
✖ [1678/1679] Building NobleKernel (8.1s)
trace: .> LEAN_PATH=/home/brittonr/git/noble/.pi/m2-extraction/proof/.lake/packages/Cli/.lake/build/lib/lean:/home/brittonr/git/noble/.pi/m2-extraction/proof/.lake/packages/batteries/.lake/build/lib/lean:/home/brittonr/git/noble/.pi/m2-extraction/proof/.lake/packages/Qq/.lake/build/lib/lean:/home/brittonr/git/noble/.pi/m2-extraction/proof/.lake/packages/aesop/.lake/build/lib/lean:/home/brittonr/git/noble/.pi/m2-extraction/proof/.lake/packages/proofwidgets/.lake/build/lib/lean:/home/brittonr/git/noble/.pi/m2-extraction/proof/.lake/packages/importGraph/.lake/build/lib/lean:/home/brittonr/git/noble/.pi/m2-extraction/proof/.lake/packages/LeanSearchClient/.lake/build/lib/lean:/home/brittonr/git/noble/.pi/m2-extraction/proof/.lake/packages/plausible/.lake/build/lib/lean:/home/brittonr/git/noble/.pi/m2-extraction/proof/.lake/packages/mathlib/.lake/build/lib/lean:/home/brittonr/git/noble/.pi/m2-extraction/proof/.lake/packages/aeneas/backends/lean/.lake/build/lib/lean:/home/brittonr/git/noble/.pi/m2-extraction/proof/.lake/build/lib/lean /nix/store/hbxwgcbpkyqllqzq7cidhnvhgb60jb9q-noble-lean-release-4.31.0/bin/lean /home/brittonr/git/noble/.pi/m2-extraction/proof/NobleKernel.lean -o /home/brittonr/git/noble/.pi/m2-extraction/proof/.lake/build/lib/lean/NobleKernel.olean -i /home/brittonr/git/noble/.pi/m2-extraction/proof/.lake/build/lib/lean/NobleKernel.ilean -c /home/brittonr/git/noble/.pi/m2-extraction/proof/.lake/build/ir/NobleKernel.c --setup /home/brittonr/git/noble/.pi/m2-extraction/proof/.lake/build/ir/NobleKernel.setup.json --json
error: NobleKernel.lean:466:37: Unknown constant `noble_kernel.types.Ty.Insts.CoreCloneClone`
error: NobleKernel.lean:467:38: Unknown constant `noble_kernel.types.Ty.Insts.CoreCloneClone`
error: NobleKernel.lean:682:48: Application type mismatch: The argument
  Bool
has type
  Ty
of sort `Type` but is expected to have type
  Type ?u.4
of sort `Type (?u.4 + 1)` in the application
  Result Bool
warning: NobleKernel.lean:777:0: unused `partial_fixpoint`, function is not recursive
warning: NobleKernel.lean:782:9: declaration uses `sorry`
warning: NobleKernel.lean:1070:4: declaration uses `sorry`
warning: NobleKernel.lean:1069:2: declaration uses `sorry`
error: NobleKernel.lean:1206:39: Application type mismatch: The argument
  types.EffId.Insts.CoreCmpPartialOrdEffId
has type
  core.cmp.PartialOrd types.EffId types.EffId
but is expected to have type
  types.EffId → types.EffId → Result (Option Ordering)
in the application
  core.cmp.PartialOrd.lt.default types.EffId.Insts.CoreCmpPartialOrdEffId
error: NobleKernel.lean:1207:39: Application type mismatch: The argument
  types.EffId.Insts.CoreCmpPartialOrdEffId
has type
  core.cmp.PartialOrd types.EffId types.EffId
but is expected to have type
  types.EffId → types.EffId → Result (Option Ordering)
in the application
  core.cmp.PartialOrd.gt.default types.EffId.Insts.CoreCmpPartialOrdEffId
error: NobleKernel.lean:1304:14: Application type mismatch: The argument
  EffId.Insts.CoreCmpPartialOrdEffId
has type
  core.cmp.PartialOrd EffId EffId
but is expected to have type
  ?m.23 → ?m.24 → Result (Option Ordering)
in the application
  core.cmp.PartialOrd.lt.default EffId.Insts.CoreCmpPartialOrdEffId
error: NobleKernel.lean:1322:14: Application type mismatch: The argument
  EffId.Insts.CoreCmpPartialOrdEffId
has type
  core.cmp.PartialOrd EffId EffId
but is expected to have type
  ?m.45 → ?m.46 → Result (Option Ordering)
in the application
  core.cmp.PartialOrd.lt.default EffId.Insts.CoreCmpPartialOrdEffId
error: NobleKernel.lean:1239:12: Application type mismatch: The argument
  EffId.Insts.CoreCmpPartialOrdEffId
has type
  core.cmp.PartialOrd EffId EffId
but is expected to have type
  ?m.140 → ?m.141 → Result (Option Ordering)
in the application
  core.cmp.PartialOrd.lt.default EffId.Insts.CoreCmpPartialOrdEffId
error: NobleKernel.lean:1257:12: Application type mismatch: The argument
  EffId.Insts.CoreCmpPartialOrdEffId
has type
  core.cmp.PartialOrd EffId EffId
but is expected to have type
  ?m.162 → ?m.163 → Result (Option Ordering)
in the application
  core.cmp.PartialOrd.lt.default EffId.Insts.CoreCmpPartialOrdEffId
warning: NobleKernel.lean:1213:2: declaration uses `sorry`
error: NobleKernel.lean:1726:51: Application type mismatch: The argument
  Bool
has type
  Ty
of sort `Type` but is expected to have type
  Type
of sort `Type 1` in the application
  Ty × Bool
error: NobleKernel.lean:1979:12: Application type mismatch: The argument
  EffId.Insts.CoreCmpPartialOrdEffId
has type
  core.cmp.PartialOrd EffId EffId
but is expected to have type
  ?m.14 → ?m.15 → Result (Option Ordering)
in the application
  core.cmp.PartialOrd.gt.default EffId.Insts.CoreCmpPartialOrdEffId
warning: NobleKernel.lean:1957:2: declaration uses `sorry`
error: NobleKernel.lean:2046:36: Application type mismatch: The argument
  core.cmp.OrdUsize
has type
  core.cmp.Ord Usize
but is expected to have type
  ?m.4 → ?m.4 → Result Bool
in the application
  core.cmp.Ord.max.default core.cmp.OrdUsize
error: NobleKernel.lean:2267:31: Unknown constant `noble_kernel.shapes.Pattern.Insts.CoreCloneClone`
error: NobleKernel.lean:2269:31: Unknown constant `noble_kernel.shapes.Pattern.Insts.CoreCloneClone`
error: NobleKernel.lean:2580:38: Application type mismatch: The argument
  core.cmp.OrdUsize
has type
  core.cmp.Ord Usize
but is expected to have type
  ?m.124 → ?m.124 → Result Bool
in the application
  core.cmp.Ord.max.default core.cmp.OrdUsize
error: NobleKernel.lean:2592:40: Application type mismatch: The argument
  core.cmp.OrdUsize
has type
  core.cmp.Ord Usize
but is expected to have type
  ?m.146 → ?m.146 → Result Bool
in the application
  core.cmp.Ord.max.default core.cmp.OrdUsize
error: NobleKernel.lean:2597:40: Application type mismatch: The argument
  core.cmp.OrdUsize
has type
  core.cmp.Ord Usize
but is expected to have type
  ?m.159 → ?m.159 → Result Bool
in the application
  core.cmp.Ord.max.default core.cmp.OrdUsize
error: NobleKernel.lean:3013:36: Application type mismatch: The argument
  core.cmp.OrdUsize
has type
  core.cmp.Ord Usize
but is expected to have type
  ?m.4 → ?m.4 → Result Bool
in the application
  core.cmp.Ord.max.default core.cmp.OrdUsize
error: NobleKernel.lean:3027:47: Application type mismatch: The argument
  Bool
has type
  Ty
of sort `Type` but is expected to have type
  Type ?u.5
of sort `Type (?u.5 + 1)` in the application
  ControlFlow (alloc.vec.Vec Ty) Bool
warning: NobleKernel.lean:3024:2: declaration uses `sorry`
error: NobleKernel.lean:3061:67: Application type mismatch: The argument
  Bool
has type
  Ty
of sort `Type` but is expected to have type
  Type ?u.4
of sort `Type (?u.4 + 1)` in the application
  Result Bool
warning: NobleKernel.lean:3060:2: declaration uses `sorry`
error: NobleKernel.lean:3069:48: Application type mismatch: The argument
  Bool
has type
  Ty
of sort `Type` but is expected to have type
  Type ?u.3
of sort `Type (?u.3 + 1)` in the application
  Result Bool
warning: NobleKernel.lean:3158:4: declaration uses `sorry`
warning: NobleKernel.lean:5737:4: The declaration 'contracts.DebugBehavior.fmt.__OFFSET' contains '__', which does not follow the mathlib naming conventions. Consider using single underscores instead.

Note: This linter can be disabled with `set_option linter.style.nameCheck false`
warning: NobleKernel.lean:5748:4: The declaration 'contracts.DebugBehavior.fmt.__NAMES' contains '__', which does not follow the mathlib naming conventions. Consider using single underscores instead.

Note: This linter can be disabled with `set_option linter.style.nameCheck false`
error: NobleKernel.lean:5757:30: Application type mismatch: The argument
  Unit
has type
  Behavior
of sort `Type` but is expected to have type
  Type ?u.8
of sort `Type (?u.8 + 1)` in the application
  core.result.Result Unit
warning: NobleKernel.lean:5768:4: declaration uses `sorry`
error: NobleKernel.lean:5803:39: Application type mismatch: The argument
  Unit
has type
  Behavior
of sort `Type` but is expected to have type
  Type ?u.3
of sort `Type (?u.3 + 1)` in the application
  Result Unit
warning: NobleKernel.lean:5809:4: declaration uses `sorry`
error: NobleKernel.lean:5946:30: Application type mismatch: The argument
  Unit
has type
  Pattern
of sort `Type` but is expected to have type
  Type ?u.8
of sort `Type (?u.8 + 1)` in the application
  core.result.Result Unit
error: NobleKernel.lean:5957:8: Unknown constant `noble_kernel.shapes.Pattern.Insts.CoreFmtDebug`
error: NobleKernel.lean:5960:8: Unknown constant `noble_kernel.shapes.Pattern.Insts.CoreFmtDebug`
error: NobleKernel.lean:5966:8: Unknown constant `noble_kernel.shapes.Pattern.Insts.CoreFmtDebug`
error: NobleKernel.lean:5969:8: Unknown constant `noble_kernel.shapes.Pattern.Insts.CoreFmtDebug`
error: NobleKernel.lean:5975:8: Unknown constant `noble_kernel.shapes.Pattern.Insts.CoreFmtDebug`
error: NobleKernel.lean:5980:8: Unknown constant `noble_kernel.shapes.Pattern.Insts.CoreFmtDebug`
error: NobleKernel.lean:5983:8: Unknown constant `noble_kernel.shapes.Pattern.Insts.CoreFmtDebug`
warning: NobleKernel.lean:6008:4: declaration uses `sorry`
error: NobleKernel.lean:6287:60: Application type mismatch: The argument
  Bool
has type
  Pattern
of sort `Type` but is expected to have type
  Type ?u.4
of sort `Type (?u.4 + 1)` in the application
  Result Bool
warning: NobleKernel.lean:6427:0: unused `partial_fixpoint`, function is not recursive
warning: NobleKernel.lean:6432:9: declaration uses `sorry`
error: NobleKernel.lean:6443:35: Application type mismatch: The argument
  Unit
has type
  Pattern
of sort `Type` but is expected to have type
  Type ?u.3
of sort `Type (?u.3 + 1)` in the application
  Result Unit
warning: NobleKernel.lean:6449:4: declaration uses `sorry`
error: NobleKernel.lean:6634:34: Application type mismatch: The argument
  types.EffId.Insts.CoreCmpOrd
has type
  core.cmp.Ord types.EffId
but is expected to have type
  types.EffId → types.EffId → Result Bool
in the application
  core.cmp.Ord.max.default types.EffId.Insts.CoreCmpOrd
error: NobleKernel.lean:6698:30: Application type mismatch: The argument
  Unit
has type
  Ty
of sort `Type` but is expected to have type
  Type ?u.8
of sort `Type (?u.8 + 1)` in the application
  core.result.Result Unit
error: NobleKernel.lean:6708:46: Unknown constant `noble_kernel.types.Ty.Insts.CoreFmtDebug`
error: NobleKernel.lean:6712:8: Unknown constant `noble_kernel.types.Ty.Insts.CoreFmtDebug`
error: NobleKernel.lean:6717:46: Unknown constant `noble_kernel.types.Ty.Insts.CoreFmtDebug`
error: NobleKernel.lean:6721:8: Unknown constant `noble_kernel.types.Ty.Insts.CoreFmtDebug`
error: NobleKernel.lean:6727:8: Unknown constant `noble_kernel.types.Ty.Insts.CoreFmtDebug`
error: NobleKernel.lean:6732:8: Unknown constant `noble_kernel.types.Ty.Insts.CoreFmtDebug`
error: NobleKernel.lean:6735:8: Unknown constant `noble_kernel.types.Ty.Insts.CoreFmtDebug`
warning: NobleKernel.lean:6749:4: declaration uses `sorry`
error: NobleKernel.lean:6764:29: Application type mismatch: The argument
  Unit
has type
  Ty
of sort `Type` but is expected to have type
  Type ?u.3
of sort `Type (?u.3 + 1)` in the application
  Result Unit
warning: NobleKernel.lean:6770:4: declaration uses `sorry`
warning: NobleKernel.lean:6779:4: declaration uses `sorry`
warning: NobleKernel.lean:6778:2: declaration uses `sorry`
error: NobleKernel.lean:6894:30: Application type mismatch: The argument
  Unit
has type
  Lit
of sort `Type` but is expected to have type
  Type ?u.8
of sort `Type (?u.8 + 1)` in the application
  core.result.Result Unit
warning: NobleKernel.lean:6910:4: declaration uses `sorry`
error: NobleKernel.lean:6925:58: Application type mismatch: The argument
  Bool
has type
  _root_.Bool → Lit
of sort `Type` but is expected to have type
  Type ?u.4
of sort `Type (?u.4 + 1)` in the application
  Result Bool
warning: NobleKernel.lean:6952:9: declaration uses `sorry`
error: NobleKernel.lean:6963:34: Application type mismatch: The argument
  Unit
has type
  Lit
of sort `Type` but is expected to have type
  Type ?u.3
of sort `Type (?u.3 + 1)` in the application
  Result Unit
warning: NobleKernel.lean:6969:4: declaration uses `sorry`
warning: NobleKernel.lean:7783:4: declaration uses `sorry`
warning: NobleKernel.lean:8179:4: declaration uses `sorry`
error: Lean exited with code 1
Some required targets logged failures:
- NobleKernel
error: build failed
